Archive member included because of file (symbol)

/opt/microchip/xc32/v1.31/bin/../lib/gcc/pic32mx/4.5.2/../../../../pic32mx/lib/libmchp_peripheral_32MX695F512H.a(pcache.o)
                              build/default/production/main.o (CheKseg0CacheOn)
/opt/microchip/xc32/v1.31/bin/../lib/gcc/pic32mx/4.5.2/../../../../pic32mx/lib/libmchp_peripheral_32MX695F512H.a(int_enable_interrupts_lib.o)
                              build/default/production/main.o (INTEnableInterrupts)
/opt/microchip/xc32/v1.31/bin/../lib/gcc/pic32mx/4.5.2/../../../../pic32mx/lib/libmchp_peripheral_32MX695F512H.a(int_disable_interrupts_lib.o)
                              build/default/production/main.o (INTDisableInterrupts)
/opt/microchip/xc32/v1.31/bin/../lib/gcc/pic32mx/4.5.2/../../../../pic32mx/lib/libmchp_peripheral_32MX695F512H.a(int_restore_interrupts_lib.o)
                              build/default/production/main.o (INTRestoreInterrupts)
/opt/microchip/xc32/v1.31/bin/../lib/gcc/pic32mx/4.5.2/../../../../pic32mx/lib/libmchp_peripheral_32MX695F512H.a(int_enable_mv_int_lib.o)
                              build/default/production/main.o (INTEnableSystemMultiVectoredInt)
/opt/microchip/xc32/v1.31/bin/../lib/gcc/pic32mx/4.5.2/../../../../pic32mx/lib/libpic32.a(memcpy.o)
                              build/default/production/usb_host_hid_device.o (memcpy)
/opt/microchip/xc32/v1.31/bin/../lib/gcc/pic32mx/4.5.2/../../../../pic32mx/lib/libpic32.a(memset.o)
                              build/default/production/usb_host.o (memset)
/opt/microchip/xc32/v1.31/bin/../lib/gcc/pic32mx/4.5.2/../../../../pic32mx/lib/libpic32.a(default-bootstrap-exception-handler.o)
                              /opt/microchip/xc32/v1.31/bin/../lib/gcc/pic32mx/4.5.2/../../../../pic32mx/lib/./proc/32MX695F512H/crt0_mips32r2.o (_bootstrap_exception_handler)
/opt/microchip/xc32/v1.31/bin/../lib/gcc/pic32mx/4.5.2/../../../../pic32mx/lib/libpic32.a(default-on-reset.o)
                              /opt/microchip/xc32/v1.31/bin/../lib/gcc/pic32mx/4.5.2/../../../../pic32mx/lib/./proc/32MX695F512H/crt0_mips32r2.o (_on_reset)
/opt/microchip/xc32/v1.31/bin/../lib/gcc/pic32mx/4.5.2/../../../../pic32mx/lib/libpic32.a(default-on-bootstrap.o)
                              /opt/microchip/xc32/v1.31/bin/../lib/gcc/pic32mx/4.5.2/../../../../pic32mx/lib/./proc/32MX695F512H/crt0_mips32r2.o (_on_bootstrap)
/opt/microchip/xc32/v1.31/bin/../lib/gcc/pic32mx/4.5.2/../../../../pic32mx/lib/libpic32.a(default-nmi-handler.o)
                              /opt/microchip/xc32/v1.31/bin/../lib/gcc/pic32mx/4.5.2/../../../../pic32mx/lib/./proc/32MX695F512H/crt0_mips32r2.o (_nmi_handler)
/opt/microchip/xc32/v1.31/bin/../lib/gcc/pic32mx/4.5.2/../../../../pic32mx/lib/libpic32.a(pic32_software_reset.o)
                              /opt/microchip/xc32/v1.31/bin/../lib/gcc/pic32mx/4.5.2/../../../../pic32mx/lib/libpic32.a(default-bootstrap-exception-handler.o) (__pic32_software_reset)
/opt/microchip/xc32/v1.31/bin/../lib/gcc/pic32mx/4.5.2/../../../../pic32mx/lib/libpic32.a(general-exception.o)
                              /opt/microchip/xc32/v1.31/bin/../lib/gcc/pic32mx/4.5.2/../../../../pic32mx/lib/./proc/32MX695F512H/crt0_mips32r2.o (_general_exception_context)
/opt/microchip/xc32/v1.31/bin/../lib/gcc/pic32mx/4.5.2/../../../../pic32mx/lib/libpic32.a(default-general-exception-handler.o)
                              /opt/microchip/xc32/v1.31/bin/../lib/gcc/pic32mx/4.5.2/../../../../pic32mx/lib/libpic32.a(general-exception.o) (_general_exception_handler)
/opt/microchip/xc32/v1.31/bin/../lib/gcc/pic32mx/4.5.2/../../../../pic32mx/lib/libc.a(malloc.o)
                              build/default/production/usb_host.o (malloc)
/opt/microchip/xc32/v1.31/bin/../lib/gcc/pic32mx/4.5.2/../../../../pic32mx/lib/libc.a(rand.o)
                              build/default/production/ttbasic.o (rand)
/opt/microchip/xc32/v1.31/bin/../lib/gcc/pic32mx/4.5.2/../../../../pic32mx/lib/libc.a(sprintf_cdnopuxX.eo)
                              build/default/production/character.o (_sprintf_cdnopuxX)
/opt/microchip/xc32/v1.31/bin/../lib/gcc/pic32mx/4.5.2/../../../../pic32mx/lib/libc.a(doprnt_cdnopuxX.eo)
                              /opt/microchip/xc32/v1.31/bin/../lib/gcc/pic32mx/4.5.2/../../../../pic32mx/lib/libc.a(sprintf_cdnopuxX.eo) (_vfprintf_cdnopuxX)
/opt/microchip/xc32/v1.31/bin/../lib/gcc/pic32mx/4.5.2/../../../../pic32mx/lib/libc.a(_fputc_simple.o)
                              /opt/microchip/xc32/v1.31/bin/../lib/gcc/pic32mx/4.5.2/../../../../pic32mx/lib/libc.a(doprnt_cdnopuxX.eo) (fputc)
/opt/microchip/xc32/v1.31/bin/../lib/gcc/pic32mx/4.5.2/../../../../pic32mx/lib/libc.a(ctype.o)
                              /opt/microchip/xc32/v1.31/bin/../lib/gcc/pic32mx/4.5.2/../../../../pic32mx/lib/libc.a(doprnt_cdnopuxX.eo) (_ctype)
/opt/microchip/xc32/v1.31/bin/../lib/gcc/pic32mx/4.5.2/../../../../pic32mx/lib/libc.a(_iob.o)
[...]
Memory Configuration

Name             Origin             Length             Attributes
exception_mem    0x9d006000         0x00001000
kseg0_boot_mem   0x9d007000         0x00000970
kseg1_boot_mem   0x9d007970         0x00000490
kseg0_program_mem 0x9d007e00         0x00071540         xr
debug_exec_mem   0xbfc02000         0x00000ff0
config3          0xbfc02ff0         0x00000004
config2          0xbfc02ff4         0x00000004
config1          0xbfc02ff8         0x00000004
config0          0xbfc02ffc         0x00000004
kseg1_data_mem   0xa0000000         0x00020000         w !x
sfrs             0xbf800000         0x00100000
configsfrs       0xbfc02ff0         0x00000010
*default*        0x00000000         0xffffffff

Linker script and memory map

LOAD /opt/microchip/xc32/v1.31/bin/../lib/gcc/pic32mx/4.5.2/../../../../pic32mx/lib/./proc/32MX695F512H/crt0_mips32r2.o
LOAD build/default/production/main.o
LOAD build/default/production/uart2.o
LOAD build/default/production/uart2to1.o
LOAD build/default/production/usb_config.o
LOAD build/default/production/usb_host.o
LOAD build/default/production/usb_host_hid.o
LOAD build/default/production/usb_host_hid_device.o
LOAD build/default/production/usb_host_hid_parser.o
LOAD build/default/production/timer.o
LOAD build/default/production/display.o
LOAD build/default/production/character.o
LOAD build/default/production/graphic.o
LOAD build/default/production/ttbasic.o
LOAD build/default/production/sound.o
                0x00000001                __MPLAB_BUILD = 0x1
                0x00000400                PROVIDE (_min_stack_size, 0x400)
                0x00000000                PROVIDE (_min_heap_size, 0x0)
LOAD /opt/microchip/xc32/v1.31/bin/../lib/gcc/pic32mx/4.5.2/../../../../pic32mx/lib/./proc/32MX695F512H/processor.o
START GROUP
LOAD /opt/microchip/xc32/v1.31/bin/../lib/gcc/pic32mx/4.5.2/../../../../pic32mx/lib/libmchp_peripheral.a
END GROUP
START GROUP
LOAD /opt/microchip/xc32/v1.31/bin/../lib/gcc/pic32mx/4.5.2/../../../../pic32mx/lib/libmchp_peripheral_32MX695F512H.a
END GROUP
                0x00000001                PROVIDE (_vector_spacing, 0x1)
                0x9d006000                _ebase_address = 0x9d006000
                0x9d007970                _RESET_ADDR = 0x9d007970
                0x9d007cf0                _BEV_EXCPT_ADDR = 0x9d007cf0
                0x9d007df0                _DBG_EXCPT_ADDR = 0x9d007df0
                0xbfc02000                _DBG_CODE_ADDR = 0xbfc02000
                0x00000ff0                _DBG_CODE_SIZE = 0xff0
                0x9d006180                _GEN_EXCPT_ADDR = (_ebase_address + 0x180)

.config_BFC02FF0
                0xbfc02ff0        0x4
 *(.config_BFC02FF0)
 .config_BFC02FF0
                0xbfc02ff0        0x4 build/default/production/main.o

.config_BFC02FF4
                0xbfc02ff4        0x4
 *(.config_BFC02FF4)
 .config_BFC02FF4
                0xbfc02ff4        0x4 build/default/production/main.o

.config_BFC02FF8
                0xbfc02ff8        0x4
 *(.config_BFC02FF8)
 .config_BFC02FF8
                0xbfc02ff8        0x4 build/default/production/main.o

.config_BFC02FFC
                0xbfc02ffc        0x4
 *(.config_BFC02FFC)
 .config_BFC02FFC
                0xbfc02ffc        0x4 build/default/production/main.o
                0xbfc02000                PROVIDE (_DBG_CODE_ADDR, 0xbfc02000)
                0x00000ff0                PROVIDE (_DBG_CODE_SIZE, 0xff0)

.reset          0x9d007970      0x1e8
 *(.reset)
 .reset         0x9d007970      0x1e8 /opt/microchip/xc32/v1.31/bin/../lib/gcc/pic32mx/4.5.2/../../../../pic32mx/lib/./proc/32MX695F512H/crt0_mips32r2.o
                0x9d007970                _reset
 *(.reset.startup)

.bev_excpt      0x9d007cf0       0x10
 *(.bev_handler)
 .bev_handler   0x9d007cf0       0x10 /opt/microchip/xc32/v1.31/bin/../lib/gcc/pic32mx/4.5.2/../../../../pic32mx/lib/./proc/32MX695F512H/crt0_mips32r2.o

.dbg_excpt      0x9d007df0        0x0
                0x9d007df0                . = (. + DEFINED (_DEBUGGER)?0x8:0x0)

.dbg_code       0xbfc02000        0x0
                0xbfc02000                . = (. + DEFINED (_DEBUGGER)?_DBG_CODE_SIZE:0x0)

.app_excpt      0x9d006180       0x10
 *(.gen_handler)
 .gen_handler   0x9d006180       0x10 /opt/microchip/xc32/v1.31/bin/../lib/gcc/pic32mx/4.5.2/../../../../pic32mx/lib/./proc/32MX695F512H/crt0_mips32r2.o

.vector_0       0x9d006200        0x0
 *(.vector_0)
                0x00000001                ASSERT (((_vector_spacing == 0x0) || (SIZEOF (.vector_0) <= (_vector_spacing << 0x5))), function at exception vector 0 too large)

.vector_1       0x9d006220        0x0
 *(.vector_1)
                0x00000001                ASSERT (((_vector_spacing == 0x0) || (SIZEOF (.vector_1) <= (_vector_spacing << 0x5))), function at exception vector 1 too large)

.vector_2       0x9d006240        0x0
 *(.vector_2)
                0x00000001                ASSERT (((_vector_spacing == 0x0) || (SIZEOF (.vector_2) <= (_vector_spacing << 0x5))), function at exception vector 2 too large)

.vector_3       0x9d006260        0x0
 *(.vector_3)
                0x00000001                ASSERT (((_vector_spacing == 0x0) || (SIZEOF (.vector_3) <= (_vector_spacing << 0x5))), function at exception vector 3 too large)

.vector_4       0x9d006280        0x8
 *(.vector_4)
 .vector_4      0x9d006280        0x8 build/default/production/timer.o
                0x9d006280                __vector_dispatch_4
                0x00000001                ASSERT (((_vector_spacing == 0x0) || (SIZEOF (.vector_4) <= (_vector_spacing << 0x5))), function at exception vector 4 too large)

.vector_5       0x9d0062a0        0x0
 *(.vector_5)
                0x00000001                ASSERT (((_vector_spacing == 0x0) || (SIZEOF (.vector_5) <= (_vector_spacing << 0x5))), function at exception vector 5 too large)

.vector_6       0x9d0062c0        0x8
 *(.vector_6)
 .vector_6      0x9d0062c0        0x8 build/default/production/display.o
                0x9d0062c0                __vector_dispatch_6
                0x00000001                ASSERT (((_vector_spacing == 0x0) || (SIZEOF (.vector_6) <= (_vector_spacing << 0x5))), function at exception vector 6 too large)

.vector_7       0x9d0062e0        0x0
 *(.vector_7)
                0x00000001                ASSERT (((_vector_spacing == 0x0) || (SIZEOF (.vector_7) <= (_vector_spacing << 0x5))), function at exception vector 7 too large)

.vector_8       0x9d006300        0x8
 *(.vector_8)
 .vector_8      0x9d006300        0x8 build/default/production/display.o
                0x9d006300                __vector_dispatch_8
                0x00000001                ASSERT (((_vector_spacing == 0x0) || (SIZEOF (.vector_8) <= (_vector_spacing << 0x5))), function at exception vector 8 too large)

.vector_9       0x9d006320        0x0
 *(.vector_9)
                0x00000001                ASSERT (((_vector_spacing == 0x0) || (SIZEOF (.vector_9) <= (_vector_spacing << 0x5))), function at exception vector 9 too large)

.vector_10      0x9d006340        0x8
 *(.vector_10)
 .vector_10     0x9d006340        0x8 build/default/production/display.o
                0x9d006340                __vector_dispatch_10
                0x00000001                ASSERT (((_vector_spacing == 0x0) || (SIZEOF (.vector_10) <= (_vector_spacing << 0x5))), function at exception vector 10 too large)

.vector_11      0x9d006360        0x0
 *(.vector_11)
                0x00000001                ASSERT (((_vector_spacing == 0x0) || (SIZEOF (.vector_11) <= (_vector_spacing << 0x5))), function at exception vector 11 too large)

.vector_12      0x9d006380        0x8
 *(.vector_12)
 .vector_12     0x9d006380        0x8 build/default/production/timer.o
                0x9d006380                __vector_dispatch_12
                0x00000001                ASSERT (((_vector_spacing == 0x0) || (SIZEOF (.vector_12) <= (_vector_spacing << 0x5))), function at exception vector 12 too large)

.vector_13      0x9d0063a0        0x0
 *(.vector_13)
                0x00000001                ASSERT (((_vector_spacing == 0x0) || (SIZEOF (.vector_13) <= (_vector_spacing << 0x5))), function at exception vector 13 too large)

.vector_14      0x9d0063c0        0x0
 *(.vector_14)
                0x00000001                ASSERT (((_vector_spacing == 0x0) || (SIZEOF (.vector_14) <= (_vector_spacing << 0x5))), function at exception vector 14 too large)

.vector_15      0x9d0063e0        0x0
 *(.vector_15)
                0x00000001                ASSERT (((_vector_spacing == 0x0) || (SIZEOF (.vector_15) <= (_vector_spacing << 0x5))), function at exception vector 15 too large)

.vector_16      0x9d006400        0x0
 *(.vector_16)
                0x00000001                ASSERT (((_vector_spacing == 0x0) || (SIZEOF (.vector_16) <= (_vector_spacing << 0x5))), function at exception vector 16 too large)

.vector_17      0x9d006420        0x0
 *(.vector_17)
                0x00000001                ASSERT (((_vector_spacing == 0x0) || (SIZEOF (.vector_17) <= (_vector_spacing << 0x5))), function at exception vector 17 too large)

.vector_18      0x9d006440        0x0
 *(.vector_18)
                0x00000001                ASSERT (((_vector_spacing == 0x0) || (SIZEOF (.vector_18) <= (_vector_spacing << 0x5))), function at exception vector 18 too large)

.vector_19      0x9d006460        0x0
 *(.vector_19)
                0x00000001                ASSERT (((_vector_spacing == 0x0) || (SIZEOF (.vector_19) <= (_vector_spacing << 0x5))), function at exception vector 19 too large)

.vector_20      0x9d006480        0x0
 *(.vector_20)
                0x00000001                ASSERT (((_vector_spacing == 0x0) || (SIZEOF (.vector_20) <= (_vector_spacing << 0x5))), function at exception vector 20 too large)

.vector_21      0x9d0064a0        0x0
 *(.vector_21)
                0x00000001                ASSERT (((_vector_spacing == 0x0) || (SIZEOF (.vector_21) <= (_vector_spacing << 0x5))), function at exception vector 21 too large)

.vector_22      0x9d0064c0        0x0
 *(.vector_22)
                0x00000001                ASSERT (((_vector_spacing == 0x0) || (SIZEOF (.vector_22) <= (_vector_spacing << 0x5))), function at exception vector 22 too large)

.vector_23      0x9d0064e0        0x0
 *(.vector_23)
                0x00000001                ASSERT (((_vector_spacing == 0x0) || (SIZEOF (.vector_23) <= (_vector_spacing << 0x5))), function at exception vector 23 too large)

.vector_24      0x9d006500        0x8
 *(.vector_24)
 .vector_24     0x9d006500        0x8 build/default/production/display.o
                0x9d006500                __vector_dispatch_24
                0x00000001                ASSERT (((_vector_spacing == 0x0) || (SIZEOF (.vector_24) <= (_vector_spacing << 0x5))), function at exception vector 24 too large)

.vector_25      0x9d006520        0x0
 *(.vector_25)
                0x00000001                ASSERT (((_vector_spacing == 0x0) || (SIZEOF (.vector_25) <= (_vector_spacing << 0x5))), function at exception vector 25 too large)

.vector_26      0x9d006540        0x0
 *(.vector_26)
                0x00000001                ASSERT (((_vector_spacing == 0x0) || (SIZEOF (.vector_26) <= (_vector_spacing << 0x5))), function at exception vector 26 too large)

.vector_27      0x9d006560        0x0
 *(.vector_27)
                0x00000001                ASSERT (((_vector_spacing == 0x0) || (SIZEOF (.vector_27) <= (_vector_spacing << 0x5))), function at exception vector 27 too large)

.vector_28      0x9d006580        0x0
 *(.vector_28)
                0x00000001                ASSERT (((_vector_spacing == 0x0) || (SIZEOF (.vector_28) <= (_vector_spacing << 0x5))), function at exception vector 28 too large)

.vector_29      0x9d0065a0        0x0
 *(.vector_29)
                0x00000001                ASSERT (((_vector_spacing == 0x0) || (SIZEOF (.vector_29) <= (_vector_spacing << 0x5))), function at exception vector 29 too large)

.vector_30      0x9d0065c0        0x0
 *(.vector_30)
                0x00000001                ASSERT (((_vector_spacing == 0x0) || (SIZEOF (.vector_30) <= (_vector_spacing << 0x5))), function at exception vector 30 too large)

.vector_31      0x9d0065e0        0x0
 *(.vector_31)
                0x00000001                ASSERT (((_vector_spacing == 0x0) || (SIZEOF (.vector_31) <= (_vector_spacing << 0x5))), function at exception vector 31 too large)

.vector_32      0x9d006600        0x0
 *(.vector_32)
                0x00000001                ASSERT (((_vector_spacing == 0x0) || (SIZEOF (.vector_32) <= (_vector_spacing << 0x5))), function at exception vector 32 too large)

.vector_33      0x9d006620        0x0
 *(.vector_33)
                0x00000001                ASSERT (((_vector_spacing == 0x0) || (SIZEOF (.vector_33) <= (_vector_spacing << 0x5))), function at exception vector 33 too large)

.vector_34      0x9d006640        0x0
 *(.vector_34)
                0x00000001                ASSERT (((_vector_spacing == 0x0) || (SIZEOF (.vector_34) <= (_vector_spacing << 0x5))), function at exception vector 34 too large)

.vector_35      0x9d006660        0x0
 *(.vector_35)
                0x00000001                ASSERT (((_vector_spacing == 0x0) || (SIZEOF (.vector_35) <= (_vector_spacing << 0x5))), function at exception vector 35 too large)

.vector_36      0x9d006680        0x0
 *(.vector_36)
                0x00000001                ASSERT (((_vector_spacing == 0x0) || (SIZEOF (.vector_36) <= (_vector_spacing << 0x5))), function at exception vector 36 too large)

.vector_37      0x9d0066a0        0x0
 *(.vector_37)
                0x00000001                ASSERT (((_vector_spacing == 0x0) || (SIZEOF (.vector_37) <= (_vector_spacing << 0x5))), function at exception vector 37 too large)

.vector_38      0x9d0066c0        0x0
 *(.vector_38)
                0x00000001                ASSERT (((_vector_spacing == 0x0) || (SIZEOF (.vector_38) <= (_vector_spacing << 0x5))), function at exception vector 38 too large)

.vector_39      0x9d0066e0        0x0
 *(.vector_39)
                0x00000001                ASSERT (((_vector_spacing == 0x0) || (SIZEOF (.vector_39) <= (_vector_spacing << 0x5))), function at exception vector 39 too large)

.vector_40      0x9d006700        0x0
 *(.vector_40)
                0x00000001                ASSERT (((_vector_spacing == 0x0) || (SIZEOF (.vector_40) <= (_vector_spacing << 0x5))), function at exception vector 40 too large)

.vector_41      0x9d006720        0x0
 *(.vector_41)
                0x00000001                ASSERT (((_vector_spacing == 0x0) || (SIZEOF (.vector_41) <= (_vector_spacing << 0x5))), function at exception vector 41 too large)

.vector_42      0x9d006740        0x0
 *(.vector_42)
                0x00000001                ASSERT (((_vector_spacing == 0x0) || (SIZEOF (.vector_42) <= (_vector_spacing << 0x5))), function at exception vector 42 too large)

.vector_43      0x9d006760        0x0
 *(.vector_43)
                0x00000001                ASSERT (((_vector_spacing == 0x0) || (SIZEOF (.vector_43) <= (_vector_spacing << 0x5))), function at exception vector 43 too large)

.vector_44      0x9d006780        0x0
 *(.vector_44)
                0x00000001                ASSERT (((_vector_spacing == 0x0) || (SIZEOF (.vector_44) <= (_vector_spacing << 0x5))), function at exception vector 44 too large)

.vector_45      0x9d0067a0        0x8
 *(.vector_45)
 .vector_45     0x9d0067a0        0x8 build/default/production/usb_host.o
                0x9d0067a0                __vector_dispatch_45
                0x00000001                ASSERT (((_vector_spacing == 0x0) || (SIZEOF (.vector_45) <= (_vector_spacing << 0x5))), function at exception vector 45 too large)

.vector_46      0x9d0067c0        0x0
 *(.vector_46)
                0x00000001                ASSERT (((_vector_spacing == 0x0) || (SIZEOF (.vector_46) <= (_vector_spacing << 0x5))), function at exception vector 46 too large)

.vector_47      0x9d0067e0        0x0
 *(.vector_47)
                0x00000001                ASSERT (((_vector_spacing == 0x0) || (SIZEOF (.vector_47) <= (_vector_spacing << 0x5))), function at exception vector 47 too large)

.vector_48      0x9d006800        0x0
 *(.vector_48)
                0x00000001                ASSERT (((_vector_spacing == 0x0) || (SIZEOF (.vector_48) <= (_vector_spacing << 0x5))), function at exception vector 48 too large)

.vector_49      0x9d006820        0x0
 *(.vector_49)
                0x00000001                ASSERT (((_vector_spacing == 0x0) || (SIZEOF (.vector_49) <= (_vector_spacing << 0x5))), function at exception vector 49 too large)

.vector_50      0x9d006840        0x0
 *(.vector_50)
                0x00000001                ASSERT (((_vector_spacing == 0x0) || (SIZEOF (.vector_50) <= (_vector_spacing << 0x5))), function at exception vector 50 too large)

.vector_51      0x9d006860        0x0
 *(.vector_51)
                0x00000001                ASSERT (((_vector_spacing == 0x0) || (SIZEOF (.vector_51) <= (_vector_spacing << 0x5))), function at exception vector 51 too large)

.vector_52      0x9d006880        0x0
 *(.vector_52)
                0x00000001                ASSERT (((_vector_spacing == 0x0) || (SIZEOF (.vector_52) <= (_vector_spacing << 0x5))), function at exception vector 52 too large)

.vector_53      0x9d0068a0        0x0
 *(.vector_53)
                0x00000001                ASSERT (((_vector_spacing == 0x0) || (SIZEOF (.vector_53) <= (_vector_spacing << 0x5))), function at exception vector 53 too large)

.vector_54      0x9d0068c0        0x0
 *(.vector_54)
                0x00000001                ASSERT (((_vector_spacing == 0x0) || (SIZEOF (.vector_54) <= (_vector_spacing << 0x5))), function at exception vector 54 too large)

.vector_55      0x9d0068e0        0x0
 *(.vector_55)
                0x00000001                ASSERT (((_vector_spacing == 0x0) || (SIZEOF (.vector_55) <= (_vector_spacing << 0x5))), function at exception vector 55 too large)

.vector_56      0x9d006900        0x0
 *(.vector_56)
                0x00000001                ASSERT (((_vector_spacing == 0x0) || (SIZEOF (.vector_56) <= (_vector_spacing << 0x5))), function at exception vector 56 too large)

.vector_57      0x9d006920        0x0
 *(.vector_57)
                0x00000001                ASSERT (((_vector_spacing == 0x0) || (SIZEOF (.vector_57) <= (_vector_spacing << 0x5))), function at exception vector 57 too large)

.vector_58      0x9d006940        0x0
 *(.vector_58)
                0x00000001                ASSERT (((_vector_spacing == 0x0) || (SIZEOF (.vector_58) <= (_vector_spacing << 0x5))), function at exception vector 58 too large)

.vector_59      0x9d006960        0x0
 *(.vector_59)
                0x00000001                ASSERT (((_vector_spacing == 0x0) || (SIZEOF (.vector_59) <= (_vector_spacing << 0x5))), function at exception vector 59 too large)

.vector_60      0x9d006980        0x0
 *(.vector_60)
                0x00000001                ASSERT (((_vector_spacing == 0x0) || (SIZEOF (.vector_60) <= (_vector_spacing << 0x5))), function at exception vector 60 too large)

.vector_61      0x9d0069a0        0x0
 *(.vector_61)
                0x00000001                ASSERT (((_vector_spacing == 0x0) || (SIZEOF (.vector_61) <= (_vector_spacing << 0x5))), function at exception vector 61 too large)

.vector_62      0x9d0069c0        0x0
 *(.vector_62)
                0x00000001                ASSERT (((_vector_spacing == 0x0) || (SIZEOF (.vector_62) <= (_vector_spacing << 0x5))), function at exception vector 62 too large)

.vector_63      0x9d0069e0        0x0
 *(.vector_63)
                0x00000001                ASSERT (((_vector_spacing == 0x0) || (SIZEOF (.vector_63) <= (_vector_spacing << 0x5))), function at exception vector 63 too large)

.startup
 *(.startup)

.text
 *(.stub .gnu.linkonce.t.*)
 *(.text.*personality*)
 *(.mips16.fn.*)
 *(.mips16.call.*)
 *(.gnu.warning)

.rodata         0x9d007e00        0x0
 *(.rodata.* .gnu.linkonce.r.*)
 *(.rodata1)
                0x9d007e00                . = ALIGN (0x4)

.sdata2         0x9d007000        0x0
 *(.sdata2 .sdata2.* .gnu.linkonce.s2.*)
                0x9d007000                . = ALIGN (0x4)

.sbss2          0x9d007000        0x0
 *(.sbss2 .sbss2.* .gnu.linkonce.sb2.*)
                0x9d007000                . = ALIGN (0x4)

.eh_frame_hdr
 *(.eh_frame_hdr)

.eh_frame
 *(.eh_frame)

.dbg_data       0xa0000000        0x0
                0xa0000000                . = (. + DEFINED (_DEBUGGER)?0x200:0x0)

.persist        0xa0000000        0x0
                0xa0000000                _persist_begin = .
 *(.persist .persist.*)
                0xa0000000                . = ALIGN (0x4)
                0xa0000000                _persist_end = .

.eh_frame       0xa0000000       0x30
 *(.eh_frame)
 .eh_frame      0xa0000000       0x20 /opt/microchip/xc32/v1.31/bin/../lib/gcc/pic32mx/4.5.2/libgcc.a(_udivdi3.o)
 .eh_frame      0xa0000020       0x10 /opt/microchip/xc32/v1.31/bin/../lib/gcc/pic32mx/4.5.2/libgcc.a(_umoddi3.o)
                0xa0000030                . = .
                0xa0008020                _gp = (ALIGN (0x10) + 0x7ff0)

.got
 *(.got.plt)
 *(.got)

.sdata          0xa0000030       0x18
                0xa0000030                _sdata_begin = .
 *(.sdata .sdata.* .gnu.linkonce.s.*)
 .sdata         0xa0000030        0x8 build/default/production/usb_host_hid_device.o
 .sdata         0xa0000038        0x8 build/default/production/display.o
 .sdata         0xa0000040        0x4 /opt/microchip/xc32/v1.31/bin/../lib/gcc/pic32mx/4.5.2/../../../../pic32mx/lib/libc.a(_iob.o)
                0xa0000040                _Files
 .sdata         0xa0000044        0x4 /opt/microchip/xc32/v1.31/bin/../lib/gcc/pic32mx/4.5.2/../../../../pic32mx/lib/libpic32.a(xc32_uart.o)
                0xa0000044                __XC_UART
                0xa0000048                _sdata_end = .

.lit8
 *(.lit8)

.lit4
 *(.lit4)
                0xa0000048                . = ALIGN (0x4)
                0xa0000048                _data_end = .
                0xa0000048                _bss_begin = .

.sbss           0xa0000048       0xc8
                0xa0000048                _sbss_begin = .
 *(.dynsbss)
 *(.sbss .sbss.* .gnu.linkonce.sb.*)
 .sbss          0xa0000048       0x48 build/default/production/usb_host.o
 .sbss          0xa0000090        0x8 build/default/production/usb_host_hid_device.o
 .sbss          0xa0000098        0x4 build/default/production/usb_host_hid_parser.o
                0xa0000098                parsedDataMem
 .sbss          0xa000009c        0x8 build/default/production/timer.o
 .sbss          0xa00000a4       0x10 /opt/microchip/xc32/v1.31/bin/../lib/gcc/pic32mx/4.5.2/../../../../pic32mx/lib/libc.a(malloc.o)
                0xa00000a4                __allocp
                0xa00000a8                __alloct
                0xa00000ac                __allocx
 .sbss          0xa00000b4        0x1 /opt/microchip/xc32/v1.31/bin/../lib/gcc/pic32mx/4.5.2/../../../../pic32mx/lib/libc.a(_iob.o)
                0xa00000b4                _outdone
 *fill*         0xa00000b5        0x3 
 .sbss          0xa00000b8        0x8 /opt/microchip/xc32/v1.31/bin/../lib/gcc/pic32mx/4.5.2/../../../../pic32mx/lib/libpic32.a(sbrk.o)
                0xa00000b8                _minbrk
                0xa00000bc                _maxbrk
 .sbss          0xa00000c0        0x4 /opt/microchip/xc32/v1.31/bin/../lib/gcc/pic32mx/4.5.2/../../../../pic32mx/lib/libpic32.a(errno.o)
                0xa00000c0                errno
 *(.scommon)
 .scommon       0xa00000c4       0x14 build/default/production/timer.o
                0xa00000c4                KeyPolling
                0xa00000c8                CursorBlink
                0xa00000cc                AplTimer
                0xa00000d0                ClockCount
                0xa00000d4                tempo_strobe
 .scommon       0xa00000d8       0x20 build/default/production/display.o
                0xa00000d8                MPtr
                0xa00000dc                Curx
                0xa00000e0                VPtr
                0xa00000e4                Cury
                0xa00000e8                VLine
                0xa00000ec                VState
                0xa00000f0                VCount
                0xa00000f4                DotCount
 .scommon       0xa00000f8        0xe build/default/production/ttbasic.o
                0xa00000f8                cip
                0xa00000fc                err
                0xa0000100                clp
                0xa0000104                gstki
                0xa0000105                lstki
 *fill*         0xa0000106        0x2 
 .scommon       0xa0000108        0x8 build/default/production/sound.o
                0xa0000108                soundcount
                0xa000010c                soundon
                0xa0000110                _sbss_end = .

.bss            0xa0000110     0x5a80
 *(.dynbss)
 *(COMMON)
 COMMON         0xa0000110       0xd8 build/default/production/usb_host.o
                0xa0000110                ServiceEndpoint
                0xa0000144                HubEndpoint
                0xa000015c                pDeviceDescriptor
                0xa0000194                pCurrentConfigurationDescriptor
                0xa00001cc                usbOverrideHostState
 COMMON         0xa00001e8     0x5460 build/default/production/display.o
                0xa00001e8                VRAM
                0xa0004568                CRAM
 COMMON         0xa0005648      0x548 build/default/production/ttbasic.o
                0xa0005648                arr
                0xa0005688                ibuf
                0xa00056c8                gstk
                0xa00056e0                lstk
                0xa000571c                listbuf
                0xa0005b1c                lbuf
                0xa0005b5c                var
                0xa0005b90                . = ALIGN (0x4)
                0xa0005b90                . = ALIGN (0x4)
                0xa0005b90                _end = .
                0xa0005b90                _bss_end = .
                0x00020000                _bmxdudba_address = 0x20000
                0x00020000                _bmxdupba_address = 0x20000

/DISCARD/
 *(.pdr)
 *(.reginfo)
 *(.rel.dyn)
 *(.note.GNU-stack)
 *(.note.GNU-stack)
 *(.gnu_debuglink)
 *(.gnu.lto_*)
 *(.discard)

.stab
 *(.stab)

.stabstr
 *(.stabstr)

.stab.excl
 *(.stab.excl)

.stab.exclstr
 *(.stab.exclstr)

.stab.index
 *(.stab.index)

.stab.indexstr
 *(.stab.indexstr)

.comment        0x00000000      0x165
 *(.comment)
 .comment       0x00000000       0x3c build/default/production/main.o
                                 0x3d (size before relaxing)
 .comment       0x00000000       0x3d build/default/production/uart2.o
 .comment       0x00000000       0x3d build/default/production/uart2to1.o
 .comment       0x00000000       0x3d build/default/production/usb_config.o
 .comment       0x00000000       0x3d build/default/production/usb_host.o
 .comment       0x00000000       0x3d build/default/production/usb_host_hid.o
 .comment       0x00000000       0x3d build/default/production/usb_host_hid_device.o
 .comment       0x00000000       0x3d build/default/production/usb_host_hid_parser.o
 .comment       0x00000000       0x3d build/default/production/timer.o
 .comment       0x00000000       0x3d build/default/production/display.o
 .comment       0x00000000       0x3d build/default/production/character.o
 .comment       0x00000000       0x3d build/default/production/graphic.o
 .comment       0x00000000       0x3d build/default/production/ttbasic.o
 .comment       0x00000000       0x3d build/default/production/sound.o
 .comment       0x0000003c       0x3c /opt/microchip/xc32/v1.31/bin/../lib/gcc/pic32mx/4.5.2/../../../../pic32mx/lib/libmchp_peripheral_32MX695F512H.a(pcache.o)
                                 0x3d (size before relaxing)
 .comment       0x00000000       0x3d /opt/microchip/xc32/v1.31/bin/../lib/gcc/pic32mx/4.5.2/../../../../pic32mx/lib/libmchp_peripheral_32MX695F512H.a(int_enable_interrupts_lib.o)
 .comment       0x00000000       0x3d /opt/microchip/xc32/v1.31/bin/../lib/gcc/pic32mx/4.5.2/../../../../pic32mx/lib/libmchp_peripheral_32MX695F512H.a(int_disable_interrupts_lib.o)
 .comment       0x00000000       0x3d /opt/microchip/xc32/v1.31/bin/../lib/gcc/pic32mx/4.5.2/../../../../pic32mx/lib/libmchp_peripheral_32MX695F512H.a(int_restore_interrupts_lib.o)
 .comment       0x00000000       0x3d /opt/microchip/xc32/v1.31/bin/../lib/gcc/pic32mx/4.5.2/../../../../pic32mx/lib/libmchp_peripheral_32MX695F512H.a(int_enable_mv_int_lib.o)
 .comment       0x00000078       0x18 /opt/microchip/xc32/v1.31/bin/../lib/gcc/pic32mx/4.5.2/../../../../pic32mx/lib/libpic32.a(memset.o)
                                 0x19 (size before relaxing)
 .comment       0x00000090       0x3c /opt/microchip/xc32/v1.31/bin/../lib/gcc/pic32mx/4.5.2/../../../../pic32mx/lib/libpic32.a(default-bootstrap-exception-handler.o)
                                 0x3d (size before relaxing)
 .comment       0x00000000       0x3d /opt/microchip/xc32/v1.31/bin/../lib/gcc/pic32mx/4.5.2/../../../../pic32mx/lib/libpic32.a(default-on-reset.o)
 .comment       0x00000000       0x3d /opt/microchip/xc32/v1.31/bin/../lib/gcc/pic32mx/4.5.2/../../../../pic32mx/lib/libpic32.a(default-on-bootstrap.o)
 .comment       0x00000000       0x3d /opt/microchip/xc32/v1.31/bin/../lib/gcc/pic32mx/4.5.2/../../../../pic32mx/lib/libpic32.a(default-general-exception-handler.o)
 .comment       0x00000000       0x3d /opt/microchip/xc32/v1.31/bin/../lib/gcc/pic32mx/4.5.2/../../../../pic32mx/lib/libc.a(malloc.o)
 .comment       0x00000000       0x3d /opt/microchip/xc32/v1.31/bin/../lib/gcc/pic32mx/4.5.2/../../../../pic32mx/lib/libc.a(rand.o)
 .comment       0x00000000       0x3d /opt/microchip/xc32/v1.31/bin/../lib/gcc/pic32mx/4.5.2/../../../../pic32mx/lib/libc.a(sprintf_cdnopuxX.eo)
 .comment       0x00000000       0x3d /opt/microchip/xc32/v1.31/bin/../lib/gcc/pic32mx/4.5.2/../../../../pic32mx/lib/libc.a(doprnt_cdnopuxX.eo)
 .comment       0x00000000       0x3d /opt/microchip/xc32/v1.31/bin/../lib/gcc/pic32mx/4.5.2/../../../../pic32mx/lib/libc.a(_fputc_simple.o)
 .comment       0x000000cc       0x4e /opt/microchip/xc32/v1.31/bin/../lib/gcc/pic32mx/4.5.2/../../../../pic32mx/lib/libc.a(ctype.o)
                                 0x8b (size before relaxing)
 .comment       0x00000000       0x3d /opt/microchip/xc32/v1.31/bin/../lib/gcc/pic32mx/4.5.2/../../../../pic32mx/lib/libc.a(_iob.o)
 .comment       0x00000000       0x3d /opt/microchip/xc32/v1.31/bin/../lib/gcc/pic32mx/4.5.2/../../../../pic32mx/lib/libc.a(_flsbuf_simple.o)
 .comment       0x0000011a       0x4b /opt/microchip/xc32/v1.31/bin/../lib/gcc/pic32mx/4.5.2/../../../../pic32mx/lib/libpic32.a(sbrk.o)
                                 0x88 (size before relaxing)
 .comment       0x00000000       0x3d /opt/microchip/xc32/v1.31/bin/../lib/gcc/pic32mx/4.5.2/../../../../pic32mx/lib/libpic32.a(write.o)
 .comment       0x00000000       0x3d /opt/microchip/xc32/v1.31/bin/../lib/gcc/pic32mx/4.5.2/../../../../pic32mx/lib/libpic32.a(errno.o)
 .comment       0x00000000       0x3d /opt/microchip/xc32/v1.31/bin/../lib/gcc/pic32mx/4.5.2/../../../../pic32mx/lib/libpic32.a(_mon_putc.o)
 .comment       0x00000000       0x3d /opt/microchip/xc32/v1.31/bin/../lib/gcc/pic32mx/4.5.2/../../../../pic32mx/lib/libpic32.a(xc32_uart.o)
 .comment       0x00000000       0x3d /opt/microchip/xc32/v1.31/bin/../lib/gcc/pic32mx/4.5.2/libgcc.a(_udivdi3.o)
 .comment       0x00000000       0x3d /opt/microchip/xc32/v1.31/bin/../lib/gcc/pic32mx/4.5.2/libgcc.a(_umoddi3.o)

.debug
 *(.debug)

.line
 *(.line)

.debug_srcinfo
 *(.debug_srcinfo)

.debug_sfnames
 *(.debug_sfnames)

.debug_aranges  0x00000000      0x460
 *(.debug_aranges)
 .debug_aranges
                0x00000000       0x20 build/default/production/main.o
 .debug_aranges
                0x00000020       0x20 build/default/production/uart2.o
 .debug_aranges
                0x00000040       0x20 build/default/production/usb_config.o
 .debug_aranges
                0x00000060       0x20 build/default/production/usb_host.o
 .debug_aranges
                0x00000080       0x20 build/default/production/usb_host_hid.o
 .debug_aranges
                0x000000a0       0x20 build/default/production/usb_host_hid_device.o
 .debug_aranges
                0x000000c0       0x20 build/default/production/usb_host_hid_parser.o
 .debug_aranges
                0x000000e0       0x20 build/default/production/timer.o
 .debug_aranges
                0x00000100       0x20 build/default/production/display.o
 .debug_aranges
                0x00000120       0x20 build/default/production/character.o
 .debug_aranges
                0x00000140       0x20 build/default/production/graphic.o
 .debug_aranges
                0x00000160       0x20 build/default/production/ttbasic.o
 .debug_aranges
                0x00000180       0x20 build/default/production/sound.o
 .debug_aranges
                0x000001a0       0x28 /opt/microchip/xc32/v1.31/bin/../lib/gcc/pic32mx/4.5.2/../../../../pic32mx/lib/libmchp_peripheral_32MX695F512H.a(pcache.o)
 .debug_aranges
                0x000001c8       0x20 /opt/microchip/xc32/v1.31/bin/../lib/gcc/pic32mx/4.5.2/../../../../pic32mx/lib/libmchp_peripheral_32MX695F512H.a(int_enable_interrupts_lib.o)
 .debug_aranges
                0x000001e8       0x20 /opt/microchip/xc32/v1.31/bin/../lib/gcc/pic32mx/4.5.2/../../../../pic32mx/lib/libmchp_peripheral_32MX695F512H.a(int_disable_interrupts_lib.o)
 .debug_aranges
                0x00000208       0x20 /opt/microchip/xc32/v1.31/bin/../lib/gcc/pic32mx/4.5.2/../../../../pic32mx/lib/libmchp_peripheral_32MX695F512H.a(int_restore_interrupts_lib.o)
 .debug_aranges
                0x00000228       0x20 /opt/microchip/xc32/v1.31/bin/../lib/gcc/pic32mx/4.5.2/../../../../pic32mx/lib/libmchp_peripheral_32MX695F512H.a(int_enable_mv_int_lib.o)
 .debug_aranges
                0x00000248       0x20 /opt/microchip/xc32/v1.31/bin/../lib/gcc/pic32mx/4.5.2/../../../../pic32mx/lib/libpic32.a(default-bootstrap-exception-handler.o)
 .debug_aranges
                0x00000268       0x20 /opt/microchip/xc32/v1.31/bin/../lib/gcc/pic32mx/4.5.2/../../../../pic32mx/lib/libpic32.a(default-on-reset.o)
 .debug_aranges
                0x00000288       0x20 /opt/microchip/xc32/v1.31/bin/../lib/gcc/pic32mx/4.5.2/../../../../pic32mx/lib/libpic32.a(default-on-bootstrap.o)
 .debug_aranges
                0x000002a8       0x20 /opt/microchip/xc32/v1.31/bin/../lib/gcc/pic32mx/4.5.2/../../../../pic32mx/lib/libpic32.a(default-general-exception-handler.o)
 .debug_aranges
                0x000002c8       0x30 /opt/microchip/xc32/v1.31/bin/../lib/gcc/pic32mx/4.5.2/../../../../pic32mx/lib/libc.a(malloc.o)
 .debug_aranges
                0x000002f8       0x28 /opt/microchip/xc32/v1.31/bin/../lib/gcc/pic32mx/4.5.2/../../../../pic32mx/lib/libc.a(rand.o)
 .debug_aranges
                0x00000320       0x20 /opt/microchip/xc32/v1.31/bin/../lib/gcc/pic32mx/4.5.2/../../../../pic32mx/lib/libc.a(sprintf_cdnopuxX.eo)
 .debug_aranges
                0x00000340       0x20 /opt/microchip/xc32/v1.31/bin/../lib/gcc/pic32mx/4.5.2/../../../../pic32mx/lib/libc.a(doprnt_cdnopuxX.eo)
 .debug_aranges
                0x00000360       0x20 /opt/microchip/xc32/v1.31/bin/../lib/gcc/pic32mx/4.5.2/../../../../pic32mx/lib/libc.a(_fputc_simple.o)
 .debug_aranges
                0x00000380       0x20 /opt/microchip/xc32/v1.31/bin/../lib/gcc/pic32mx/4.5.2/../../../../pic32mx/lib/libc.a(_flsbuf_simple.o)
 .debug_aranges
                0x000003a0       0x40 /opt/microchip/xc32/v1.31/bin/../lib/gcc/pic32mx/4.5.2/../../../../pic32mx/lib/libpic32.a(sbrk.o)
 .debug_aranges
                0x000003e0       0x20 /opt/microchip/xc32/v1.31/bin/../lib/gcc/pic32mx/4.5.2/../../../../pic32mx/lib/libpic32.a(write.o)
 .debug_aranges
                0x00000400       0x20 /opt/microchip/xc32/v1.31/bin/../lib/gcc/pic32mx/4.5.2/../../../../pic32mx/lib/libpic32.a(_mon_putc.o)
 .debug_aranges
                0x00000420       0x20 /opt/microchip/xc32/v1.31/bin/../lib/gcc/pic32mx/4.5.2/libgcc.a(_udivdi3.o)
 .debug_aranges
                0x00000440       0x20 /opt/microchip/xc32/v1.31/bin/../lib/gcc/pic32mx/4.5.2/libgcc.a(_umoddi3.o)

.debug_pubnames
                0x00000000     0x12a9
 *(.debug_pubnames)
 .debug_pubnames
                0x00000000       0xc9 build/default/production/main.o
 .debug_pubnames
                0x000000c9      0x112 build/default/production/uart2.o
 .debug_pubnames
                0x000001db       0x42 build/default/production/usb_config.o
 .debug_pubnames
                0x0000021d      0x566 build/default/production/usb_host.o
 .debug_pubnames
                0x00000783      0x1e7 build/default/production/usb_host_hid.o
 .debug_pubnames
                0x0000096a       0x79 build/default/production/usb_host_hid_device.o
 .debug_pubnames
                0x000009e3       0x7c build/default/production/usb_host_hid_parser.o
 .debug_pubnames
                0x00000a5f       0x9c build/default/production/timer.o
 .debug_pubnames
                0x00000afb       0xda build/default/production/display.o
 .debug_pubnames
                0x00000bd5       0x70 build/default/production/character.o
 .debug_pubnames
                0x00000c45       0x2f build/default/production/graphic.o
 .debug_pubnames
                0x00000c74      0x279 build/default/production/ttbasic.o
 .debug_pubnames
                0x00000eed       0x69 build/default/production/sound.o
 .debug_pubnames
                0x00000f56       0x3b /opt/microchip/xc32/v1.31/bin/../lib/gcc/pic32mx/4.5.2/../../../../pic32mx/lib/libmchp_peripheral_32MX695F512H.a(pcache.o)
 .debug_pubnames
                0x00000f91       0x2a /opt/microchip/xc32/v1.31/bin/../lib/gcc/pic32mx/4.5.2/../../../../pic32mx/lib/libmchp_peripheral_32MX695F512H.a(int_enable_interrupts_lib.o)
 .debug_pubnames
                0x00000fbb       0x2b /opt/microchip/xc32/v1.31/bin/../lib/gcc/pic32mx/4.5.2/../../../../pic32mx/lib/libmchp_peripheral_32MX695F512H.a(int_disable_interrupts_lib.o)
 .debug_pubnames
                0x00000fe6       0x2b /opt/microchip/xc32/v1.31/bin/../lib/gcc/pic32mx/4.5.2/../../../../pic32mx/lib/libmchp_peripheral_32MX695F512H.a(int_restore_interrupts_lib.o)
 .debug_pubnames
                0x00001011       0x36 /opt/microchip/xc32/v1.31/bin/../lib/gcc/pic32mx/4.5.2/../../../../pic32mx/lib/libmchp_peripheral_32MX695F512H.a(int_enable_mv_int_lib.o)
 .debug_pubnames
                0x00001047       0x33 /opt/microchip/xc32/v1.31/bin/../lib/gcc/pic32mx/4.5.2/../../../../pic32mx/lib/libpic32.a(default-bootstrap-exception-handler.o)
 .debug_pubnames
                0x0000107a       0x20 /opt/microchip/xc32/v1.31/bin/../lib/gcc/pic32mx/4.5.2/../../../../pic32mx/lib/libpic32.a(default-on-reset.o)
 .debug_pubnames
                0x0000109a       0x24 /opt/microchip/xc32/v1.31/bin/../lib/gcc/pic32mx/4.5.2/../../../../pic32mx/lib/libpic32.a(default-on-bootstrap.o)
 .debug_pubnames
                0x000010be       0x31 /opt/microchip/xc32/v1.31/bin/../lib/gcc/pic32mx/4.5.2/../../../../pic32mx/lib/libpic32.a(default-general-exception-handler.o)
 .debug_pubnames
                0x000010ef       0x32 /opt/microchip/xc32/v1.31/bin/../lib/gcc/pic32mx/4.5.2/../../../../pic32mx/lib/libc.a(malloc.o)
 .debug_pubnames
                0x00001121       0x25 /opt/microchip/xc32/v1.31/bin/../lib/gcc/pic32mx/4.5.2/../../../../pic32mx/lib/libc.a(rand.o)
 .debug_pubnames
                0x00001146       0x28 /opt/microchip/xc32/v1.31/bin/../lib/gcc/pic32mx/4.5.2/../../../../pic32mx/lib/libc.a(sprintf_cdnopuxX.eo)
 .debug_pubnames
                0x0000116e       0x29 /opt/microchip/xc32/v1.31/bin/../lib/gcc/pic32mx/4.5.2/../../../../pic32mx/lib/libc.a(doprnt_cdnopuxX.eo)
 .debug_pubnames
                0x00001197       0x1c /opt/microchip/xc32/v1.31/bin/../lib/gcc/pic32mx/4.5.2/../../../../pic32mx/lib/libc.a(_fputc_simple.o)
 .debug_pubnames
                0x000011b3       0x1e /opt/microchip/xc32/v1.31/bin/../lib/gcc/pic32mx/4.5.2/../../../../pic32mx/lib/libc.a(_flsbuf_simple.o)
 .debug_pubnames
                0x000011d1       0x5c /opt/microchip/xc32/v1.31/bin/../lib/gcc/pic32mx/4.5.2/../../../../pic32mx/lib/libpic32.a(sbrk.o)
 .debug_pubnames
                0x0000122d       0x1c /opt/microchip/xc32/v1.31/bin/../lib/gcc/pic32mx/4.5.2/../../../../pic32mx/lib/libpic32.a(write.o)
 .debug_pubnames
                0x00001249       0x20 /opt/microchip/xc32/v1.31/bin/../lib/gcc/pic32mx/4.5.2/../../../../pic32mx/lib/libpic32.a(_mon_putc.o)
 .debug_pubnames
                0x00001269       0x20 /opt/microchip/xc32/v1.31/bin/../lib/gcc/pic32mx/4.5.2/libgcc.a(_udivdi3.o)
 .debug_pubnames
                0x00001289       0x20 /opt/microchip/xc32/v1.31/bin/../lib/gcc/pic32mx/4.5.2/libgcc.a(_umoddi3.o)

.debug_info     0x00000000    0x1abb7
 *(.debug_info .gnu.linkonce.wi.*)
 .debug_info    0x00000000     0x1f07 build/default/production/main.o
 .debug_info    0x00001f07     0x1d98 build/default/production/uart2.o
 .debug_info    0x00003c9f        0x0 build/default/production/uart2to1.o
 .debug_info    0x00003c9f     0x1825 build/default/production/usb_config.o
 .debug_info    0x000054c4     0x53f8 build/default/production/usb_host.o
 .debug_info    0x0000a8bc     0x3200 build/default/production/usb_host_hid.o
 .debug_info    0x0000dabc     0x302c build/default/production/usb_host_hid_device.o
 .debug_info    0x00010ae8     0x2393 build/default/production/usb_host_hid_parser.o
 .debug_info    0x00012e7b     0x14e8 build/default/production/timer.o
 .debug_info    0x00014363     0x21a8 build/default/production/display.o
 .debug_info    0x0001650b      0x2ef build/default/production/character.o
 .debug_info    0x000167fa      0x21a build/default/production/graphic.o
 .debug_info    0x00016a14      0xecc build/default/production/ttbasic.o
 .debug_info    0x000178e0     0x1623 build/default/production/sound.o
 .debug_info    0x00018f03       0xbf /opt/microchip/xc32/v1.31/bin/../lib/gcc/pic32mx/4.5.2/../../../../pic32mx/lib/libmchp_peripheral_32MX695F512H.a(pcache.o)
 .debug_info    0x00018fc2       0xb4 /opt/microchip/xc32/v1.31/bin/../lib/gcc/pic32mx/4.5.2/../../../../pic32mx/lib/libmchp_peripheral_32MX695F512H.a(int_enable_interrupts_lib.o)
 .debug_info    0x00019076       0xb6 /opt/microchip/xc32/v1.31/bin/../lib/gcc/pic32mx/4.5.2/../../../../pic32mx/lib/libmchp_peripheral_32MX695F512H.a(int_disable_interrupts_lib.o)
 .debug_info    0x0001912c       0xb6 /opt/microchip/xc32/v1.31/bin/../lib/gcc/pic32mx/4.5.2/../../../../pic32mx/lib/libmchp_peripheral_32MX695F512H.a(int_restore_interrupts_lib.o)
 .debug_info    0x000191e2       0xbc /opt/microchip/xc32/v1.31/bin/../lib/gcc/pic32mx/4.5.2/../../../../pic32mx/lib/libmchp_peripheral_32MX695F512H.a(int_enable_mv_int_lib.o)
 .debug_info    0x0001929e       0xde /opt/microchip/xc32/v1.31/bin/../lib/gcc/pic32mx/4.5.2/../../../../pic32mx/lib/libpic32.a(default-bootstrap-exception-handler.o)
 .debug_info    0x0001937c       0xb8 /opt/microchip/xc32/v1.31/bin/../lib/gcc/pic32mx/4.5.2/../../../../pic32mx/lib/libpic32.a(default-on-reset.o)
 .debug_info    0x00019434       0xc0 /opt/microchip/xc32/v1.31/bin/../lib/gcc/pic32mx/4.5.2/../../../../pic32mx/lib/libpic32.a(default-on-bootstrap.o)
 .debug_info    0x000194f4       0xda /opt/microchip/xc32/v1.31/bin/../lib/gcc/pic32mx/4.5.2/../../../../pic32mx/lib/libpic32.a(default-general-exception-handler.o)
 .debug_info    0x000195ce       0xe0 /opt/microchip/xc32/v1.31/bin/../lib/gcc/pic32mx/4.5.2/../../../../pic32mx/lib/libc.a(malloc.o)
 .debug_info    0x000196ae       0xc7 /opt/microchip/xc32/v1.31/bin/../lib/gcc/pic32mx/4.5.2/../../../../pic32mx/lib/libc.a(rand.o)
 .debug_info    0x00019775       0xbd /opt/microchip/xc32/v1.31/bin/../lib/gcc/pic32mx/4.5.2/../../../../pic32mx/lib/libc.a(sprintf_cdnopuxX.eo)
 .debug_info    0x00019832       0xbe /opt/microchip/xc32/v1.31/bin/../lib/gcc/pic32mx/4.5.2/../../../../pic32mx/lib/libc.a(doprnt_cdnopuxX.eo)
 .debug_info    0x000198f0       0xaf /opt/microchip/xc32/v1.31/bin/../lib/gcc/pic32mx/4.5.2/../../../../pic32mx/lib/libc.a(_fputc_simple.o)
 .debug_info    0x0001999f        0x0 /opt/microchip/xc32/v1.31/bin/../lib/gcc/pic32mx/4.5.2/../../../../pic32mx/lib/libc.a(ctype.o)
 .debug_info    0x0001999f        0x0 /opt/microchip/xc32/v1.31/bin/../lib/gcc/pic32mx/4.5.2/../../../../pic32mx/lib/libc.a(_iob.o)
 .debug_info    0x0001999f       0xb2 /opt/microchip/xc32/v1.31/bin/../lib/gcc/pic32mx/4.5.2/../../../../pic32mx/lib/libc.a(_flsbuf_simple.o)
 .debug_info    0x00019a51      0x111 /opt/microchip/xc32/v1.31/bin/../lib/gcc/pic32mx/4.5.2/../../../../pic32mx/lib/libpic32.a(sbrk.o)
 .debug_info    0x00019b62       0xa9 /opt/microchip/xc32/v1.31/bin/../lib/gcc/pic32mx/4.5.2/../../../../pic32mx/lib/libpic32.a(write.o)
 .debug_info    0x00019c0b        0x0 /opt/microchip/xc32/v1.31/bin/../lib/gcc/pic32mx/4.5.2/../../../../pic32mx/lib/libpic32.a(errno.o)
 .debug_info    0x00019c0b       0xb1 /opt/microchip/xc32/v1.31/bin/../lib/gcc/pic32mx/4.5.2/../../../../pic32mx/lib/libpic32.a(_mon_putc.o)
 .debug_info    0x00019cbc        0x0 /opt/microchip/xc32/v1.31/bin/../lib/gcc/pic32mx/4.5.2/../../../../pic32mx/lib/libpic32.a(xc32_uart.o)
 .debug_info    0x00019cbc      0x761 /opt/microchip/xc32/v1.31/bin/../lib/gcc/pic32mx/4.5.2/libgcc.a(_udivdi3.o)
 .debug_info    0x0001a41d      0x79a /opt/microchip/xc32/v1.31/bin/../lib/gcc/pic32mx/4.5.2/libgcc.a(_umoddi3.o)

.debug_abbrev   0x00000000     0x214d
 *(.debug_abbrev)
 .debug_abbrev  0x00000000      0x318 build/default/production/main.o
 .debug_abbrev  0x00000318      0x24b build/default/production/uart2.o
 .debug_abbrev  0x00000563        0x1 build/default/production/uart2to1.o
 .debug_abbrev  0x00000564      0x21c build/default/production/usb_config.o
 .debug_abbrev  0x00000780      0x31a build/default/production/usb_host.o
 .debug_abbrev  0x00000a9a      0x2a5 build/default/production/usb_host_hid.o
 .debug_abbrev  0x00000d3f      0x294 build/default/production/usb_host_hid_device.o
 .debug_abbrev  0x00000fd3      0x2e4 build/default/production/usb_host_hid_parser.o
 .debug_abbrev  0x000012b7      0x1fe build/default/production/timer.o
 .debug_abbrev  0x000014b5      0x1e2 build/default/production/display.o
 .debug_abbrev  0x00001697       0xb9 build/default/production/character.o
 .debug_abbrev  0x00001750       0x87 build/default/production/graphic.o
 .debug_abbrev  0x000017d7      0x225 build/default/production/ttbasic.o
 .debug_abbrev  0x000019fc      0x208 build/default/production/sound.o
 .debug_abbrev  0x00001c04       0x25 /opt/microchip/xc32/v1.31/bin/../lib/gcc/pic32mx/4.5.2/../../../../pic32mx/lib/libmchp_peripheral_32MX695F512H.a(pcache.o)
 .debug_abbrev  0x00001c29       0x25 /opt/microchip/xc32/v1.31/bin/../lib/gcc/pic32mx/4.5.2/../../../../pic32mx/lib/libmchp_peripheral_32MX695F512H.a(int_enable_interrupts_lib.o)
 .debug_abbrev  0x00001c4e       0x25 /opt/microchip/xc32/v1.31/bin/../lib/gcc/pic32mx/4.5.2/../../../../pic32mx/lib/libmchp_peripheral_32MX695F512H.a(int_disable_interrupts_lib.o)
 .debug_abbrev  0x00001c73       0x25 /opt/microchip/xc32/v1.31/bin/../lib/gcc/pic32mx/4.5.2/../../../../pic32mx/lib/libmchp_peripheral_32MX695F512H.a(int_restore_interrupts_lib.o)
 .debug_abbrev  0x00001c98       0x25 /opt/microchip/xc32/v1.31/bin/../lib/gcc/pic32mx/4.5.2/../../../../pic32mx/lib/libmchp_peripheral_32MX695F512H.a(int_enable_mv_int_lib.o)
 .debug_abbrev  0x00001cbd       0x23 /opt/microchip/xc32/v1.31/bin/../lib/gcc/pic32mx/4.5.2/../../../../pic32mx/lib/libpic32.a(default-bootstrap-exception-handler.o)
 .debug_abbrev  0x00001ce0       0x23 /opt/microchip/xc32/v1.31/bin/../lib/gcc/pic32mx/4.5.2/../../../../pic32mx/lib/libpic32.a(default-on-reset.o)
 .debug_abbrev  0x00001d03       0x23 /opt/microchip/xc32/v1.31/bin/../lib/gcc/pic32mx/4.5.2/../../../../pic32mx/lib/libpic32.a(default-on-bootstrap.o)
 .debug_abbrev  0x00001d26       0x23 /opt/microchip/xc32/v1.31/bin/../lib/gcc/pic32mx/4.5.2/../../../../pic32mx/lib/libpic32.a(default-general-exception-handler.o)
 .debug_abbrev  0x00001d49       0x3f /opt/microchip/xc32/v1.31/bin/../lib/gcc/pic32mx/4.5.2/../../../../pic32mx/lib/libc.a(malloc.o)
 .debug_abbrev  0x00001d88       0x3f /opt/microchip/xc32/v1.31/bin/../lib/gcc/pic32mx/4.5.2/../../../../pic32mx/lib/libc.a(rand.o)
 .debug_abbrev  0x00001dc7       0x23 /opt/microchip/xc32/v1.31/bin/../lib/gcc/pic32mx/4.5.2/../../../../pic32mx/lib/libc.a(sprintf_cdnopuxX.eo)
 .debug_abbrev  0x00001dea       0x23 /opt/microchip/xc32/v1.31/bin/../lib/gcc/pic32mx/4.5.2/../../../../pic32mx/lib/libc.a(doprnt_cdnopuxX.eo)
 .debug_abbrev  0x00001e0d       0x23 /opt/microchip/xc32/v1.31/bin/../lib/gcc/pic32mx/4.5.2/../../../../pic32mx/lib/libc.a(_fputc_simple.o)
 .debug_abbrev  0x00001e30        0x1 /opt/microchip/xc32/v1.31/bin/../lib/gcc/pic32mx/4.5.2/../../../../pic32mx/lib/libc.a(ctype.o)
 .debug_abbrev  0x00001e31        0x1 /opt/microchip/xc32/v1.31/bin/../lib/gcc/pic32mx/4.5.2/../../../../pic32mx/lib/libc.a(_iob.o)
 .debug_abbrev  0x00001e32       0x23 /opt/microchip/xc32/v1.31/bin/../lib/gcc/pic32mx/4.5.2/../../../../pic32mx/lib/libc.a(_flsbuf_simple.o)
 .debug_abbrev  0x00001e55       0x36 /opt/microchip/xc32/v1.31/bin/../lib/gcc/pic32mx/4.5.2/../../../../pic32mx/lib/libpic32.a(sbrk.o)
 .debug_abbrev  0x00001e8b       0x23 /opt/microchip/xc32/v1.31/bin/../lib/gcc/pic32mx/4.5.2/../../../../pic32mx/lib/libpic32.a(write.o)
 .debug_abbrev  0x00001eae        0x1 /opt/microchip/xc32/v1.31/bin/../lib/gcc/pic32mx/4.5.2/../../../../pic32mx/lib/libpic32.a(errno.o)
 .debug_abbrev  0x00001eaf       0x23 /opt/microchip/xc32/v1.31/bin/../lib/gcc/pic32mx/4.5.2/../../../../pic32mx/lib/libpic32.a(_mon_putc.o)
 .debug_abbrev  0x00001ed2        0x1 /opt/microchip/xc32/v1.31/bin/../lib/gcc/pic32mx/4.5.2/../../../../pic32mx/lib/libpic32.a(xc32_uart.o)
 .debug_abbrev  0x00001ed3      0x132 /opt/microchip/xc32/v1.31/bin/../lib/gcc/pic32mx/4.5.2/libgcc.a(_udivdi3.o)
 .debug_abbrev  0x00002005      0x148 /opt/microchip/xc32/v1.31/bin/../lib/gcc/pic32mx/4.5.2/libgcc.a(_umoddi3.o)

.debug_line     0x00000000     0x39d2
 *(.debug_line)
 .debug_line    0x00000000      0x237 build/default/production/main.o
 .debug_line    0x00000237      0x1d3 build/default/production/uart2.o
 .debug_line    0x0000040a        0x0 build/default/production/uart2to1.o
 .debug_line    0x0000040a      0x117 build/default/production/usb_config.o
 .debug_line    0x00000521     0x1186 build/default/production/usb_host.o
 .debug_line    0x000016a7      0x4ff build/default/production/usb_host_hid.o
 .debug_line    0x00001ba6      0x4b8 build/default/production/usb_host_hid_device.o
 .debug_line    0x0000205e      0x444 build/default/production/usb_host_hid_parser.o
 .debug_line    0x000024a2      0x132 build/default/production/timer.o
 .debug_line    0x000025d4      0x187 build/default/production/display.o
 .debug_line    0x0000275b       0xba build/default/production/character.o
 .debug_line    0x00002815       0x92 build/default/production/graphic.o
 .debug_line    0x000028a7      0x4fe build/default/production/ttbasic.o
 .debug_line    0x00002da5      0x110 build/default/production/sound.o
 .debug_line    0x00002eb5       0x62 /opt/microchip/xc32/v1.31/bin/../lib/gcc/pic32mx/4.5.2/../../../../pic32mx/lib/libmchp_peripheral_32MX695F512H.a(pcache.o)
 .debug_line    0x00002f17       0x72 /opt/microchip/xc32/v1.31/bin/../lib/gcc/pic32mx/4.5.2/../../../../pic32mx/lib/libmchp_peripheral_32MX695F512H.a(int_enable_interrupts_lib.o)
 .debug_line    0x00002f89       0x73 /opt/microchip/xc32/v1.31/bin/../lib/gcc/pic32mx/4.5.2/../../../../pic32mx/lib/libmchp_peripheral_32MX695F512H.a(int_disable_interrupts_lib.o)
 .debug_line    0x00002ffc       0x73 /opt/microchip/xc32/v1.31/bin/../lib/gcc/pic32mx/4.5.2/../../../../pic32mx/lib/libmchp_peripheral_32MX695F512H.a(int_restore_interrupts_lib.o)
 .debug_line    0x0000306f       0x6e /opt/microchip/xc32/v1.31/bin/../lib/gcc/pic32mx/4.5.2/../../../../pic32mx/lib/libmchp_peripheral_32MX695F512H.a(int_enable_mv_int_lib.o)
 .debug_line    0x000030dd       0x97 /opt/microchip/xc32/v1.31/bin/../lib/gcc/pic32mx/4.5.2/../../../../pic32mx/lib/libpic32.a(default-bootstrap-exception-handler.o)
 .debug_line    0x00003174       0x84 /opt/microchip/xc32/v1.31/bin/../lib/gcc/pic32mx/4.5.2/../../../../pic32mx/lib/libpic32.a(default-on-reset.o)
 .debug_line    0x000031f8       0x88 /opt/microchip/xc32/v1.31/bin/../lib/gcc/pic32mx/4.5.2/../../../../pic32mx/lib/libpic32.a(default-on-bootstrap.o)
 .debug_line    0x00003280       0x95 /opt/microchip/xc32/v1.31/bin/../lib/gcc/pic32mx/4.5.2/../../../../pic32mx/lib/libpic32.a(default-general-exception-handler.o)
 .debug_line    0x00003315       0x70 /opt/microchip/xc32/v1.31/bin/../lib/gcc/pic32mx/4.5.2/../../../../pic32mx/lib/libc.a(malloc.o)
 .debug_line    0x00003385       0x6e /opt/microchip/xc32/v1.31/bin/../lib/gcc/pic32mx/4.5.2/../../../../pic32mx/lib/libc.a(rand.o)
 .debug_line    0x000033f3       0x71 /opt/microchip/xc32/v1.31/bin/../lib/gcc/pic32mx/4.5.2/../../../../pic32mx/lib/libc.a(sprintf_cdnopuxX.eo)
 .debug_line    0x00003464       0x70 /opt/microchip/xc32/v1.31/bin/../lib/gcc/pic32mx/4.5.2/../../../../pic32mx/lib/libc.a(doprnt_cdnopuxX.eo)
 .debug_line    0x000034d4       0x6f /opt/microchip/xc32/v1.31/bin/../lib/gcc/pic32mx/4.5.2/../../../../pic32mx/lib/libc.a(_fputc_simple.o)
 .debug_line    0x00003543        0x0 /opt/microchip/xc32/v1.31/bin/../lib/gcc/pic32mx/4.5.2/../../../../pic32mx/lib/libc.a(ctype.o)
 .debug_line    0x00003543        0x0 /opt/microchip/xc32/v1.31/bin/../lib/gcc/pic32mx/4.5.2/../../../../pic32mx/lib/libc.a(_iob.o)
 .debug_line    0x00003543       0x70 /opt/microchip/xc32/v1.31/bin/../lib/gcc/pic32mx/4.5.2/../../../../pic32mx/lib/libc.a(_flsbuf_simple.o)
 .debug_line    0x000035b3       0x78 /opt/microchip/xc32/v1.31/bin/../lib/gcc/pic32mx/4.5.2/../../../../pic32mx/lib/libpic32.a(sbrk.o)
 .debug_line    0x0000362b       0x79 /opt/microchip/xc32/v1.31/bin/../lib/gcc/pic32mx/4.5.2/../../../../pic32mx/lib/libpic32.a(write.o)
 .debug_line    0x000036a4        0x0 /opt/microchip/xc32/v1.31/bin/../lib/gcc/pic32mx/4.5.2/../../../../pic32mx/lib/libpic32.a(errno.o)
 .debug_line    0x000036a4       0x7d /opt/microchip/xc32/v1.31/bin/../lib/gcc/pic32mx/4.5.2/../../../../pic32mx/lib/libpic32.a(_mon_putc.o)
 .debug_line    0x00003721        0x0 /opt/microchip/xc32/v1.31/bin/../lib/gcc/pic32mx/4.5.2/../../../../pic32mx/lib/libpic32.a(xc32_uart.o)
 .debug_line    0x00003721      0x158 /opt/microchip/xc32/v1.31/bin/../lib/gcc/pic32mx/4.5.2/libgcc.a(_udivdi3.o)
 .debug_line    0x00003879      0x159 /opt/microchip/xc32/v1.31/bin/../lib/gcc/pic32mx/4.5.2/libgcc.a(_umoddi3.o)

.debug_frame    0x00000000     0x18c8
 *(.debug_frame)
 .debug_frame   0x00000000       0xf0 build/default/production/main.o
 .debug_frame   0x000000f0      0x17c build/default/production/uart2.o
 .debug_frame   0x0000026c       0x2c build/default/production/usb_config.o
 .debug_frame   0x00000298      0x5d8 build/default/production/usb_host.o
 .debug_frame   0x00000870      0x1d8 build/default/production/usb_host_hid.o
 .debug_frame   0x00000a48      0x1f8 build/default/production/usb_host_hid_device.o
 .debug_frame   0x00000c40       0xd8 build/default/production/usb_host_hid_parser.o
 .debug_frame   0x00000d18       0xac build/default/production/timer.o
 .debug_frame   0x00000dc4       0xb4 build/default/production/display.o
 .debug_frame   0x00000e78       0xf0 build/default/production/character.o
 .debug_frame   0x00000f68       0x64 build/default/production/graphic.o
 .debug_frame   0x00000fcc      0x4e8 build/default/production/ttbasic.o
 .debug_frame   0x000014b4       0x64 build/default/production/sound.o
 .debug_frame   0x00001518       0x30 /opt/microchip/xc32/v1.31/bin/../lib/gcc/pic32mx/4.5.2/../../../../pic32mx/lib/libmchp_peripheral_32MX695F512H.a(pcache.o)
 .debug_frame   0x00001548       0x20 /opt/microchip/xc32/v1.31/bin/../lib/gcc/pic32mx/4.5.2/../../../../pic32mx/lib/libmchp_peripheral_32MX695F512H.a(int_enable_interrupts_lib.o)
 .debug_frame   0x00001568       0x20 /opt/microchip/xc32/v1.31/bin/../lib/gcc/pic32mx/4.5.2/../../../../pic32mx/lib/libmchp_peripheral_32MX695F512H.a(int_disable_interrupts_lib.o)
 .debug_frame   0x00001588       0x20 /opt/microchip/xc32/v1.31/bin/../lib/gcc/pic32mx/4.5.2/../../../../pic32mx/lib/libmchp_peripheral_32MX695F512H.a(int_restore_interrupts_lib.o)
 .debug_frame   0x000015a8       0x28 /opt/microchip/xc32/v1.31/bin/../lib/gcc/pic32mx/4.5.2/../../../../pic32mx/lib/libmchp_peripheral_32MX695F512H.a(int_enable_mv_int_lib.o)
 .debug_frame   0x000015d0       0x28 /opt/microchip/xc32/v1.31/bin/../lib/gcc/pic32mx/4.5.2/../../../../pic32mx/lib/libpic32.a(default-bootstrap-exception-handler.o)
 .debug_frame   0x000015f8       0x20 /opt/microchip/xc32/v1.31/bin/../lib/gcc/pic32mx/4.5.2/../../../../pic32mx/lib/libpic32.a(default-on-reset.o)
 .debug_frame   0x00001618       0x20 /opt/microchip/xc32/v1.31/bin/../lib/gcc/pic32mx/4.5.2/../../../../pic32mx/lib/libpic32.a(default-on-bootstrap.o)
 .debug_frame   0x00001638       0x28 /opt/microchip/xc32/v1.31/bin/../lib/gcc/pic32mx/4.5.2/../../../../pic32mx/lib/libpic32.a(default-general-exception-handler.o)
 .debug_frame   0x00001660       0x6c /opt/microchip/xc32/v1.31/bin/../lib/gcc/pic32mx/4.5.2/../../../../pic32mx/lib/libc.a(malloc.o)
 .debug_frame   0x000016cc       0x30 /opt/microchip/xc32/v1.31/bin/../lib/gcc/pic32mx/4.5.2/../../../../pic32mx/lib/libc.a(rand.o)
 .debug_frame   0x000016fc       0x2c /opt/microchip/xc32/v1.31/bin/../lib/gcc/pic32mx/4.5.2/../../../../pic32mx/lib/libc.a(sprintf_cdnopuxX.eo)
 .debug_frame   0x00001728       0x38 /opt/microchip/xc32/v1.31/bin/../lib/gcc/pic32mx/4.5.2/../../../../pic32mx/lib/libc.a(doprnt_cdnopuxX.eo)
 .debug_frame   0x00001760       0x2c /opt/microchip/xc32/v1.31/bin/../lib/gcc/pic32mx/4.5.2/../../../../pic32mx/lib/libc.a(_fputc_simple.o)
 .debug_frame   0x0000178c       0x28 /opt/microchip/xc32/v1.31/bin/../lib/gcc/pic32mx/4.5.2/../../../../pic32mx/lib/libc.a(_flsbuf_simple.o)
 .debug_frame   0x000017b4       0x8c /opt/microchip/xc32/v1.31/bin/../lib/gcc/pic32mx/4.5.2/../../../../pic32mx/lib/libpic32.a(sbrk.o)
 .debug_frame   0x00001840       0x28 /opt/microchip/xc32/v1.31/bin/../lib/gcc/pic32mx/4.5.2/../../../../pic32mx/lib/libpic32.a(write.o)
 .debug_frame   0x00001868       0x20 /opt/microchip/xc32/v1.31/bin/../lib/gcc/pic32mx/4.5.2/../../../../pic32mx/lib/libpic32.a(_mon_putc.o)
 .debug_frame   0x00001888       0x20 /opt/microchip/xc32/v1.31/bin/../lib/gcc/pic32mx/4.5.2/libgcc.a(_udivdi3.o)
 .debug_frame   0x000018a8       0x20 /opt/microchip/xc32/v1.31/bin/../lib/gcc/pic32mx/4.5.2/libgcc.a(_umoddi3.o)

.debug_str      0x00000000     0x13d7
 *(.debug_str)
 .debug_str     0x00000000      0x17d build/default/production/main.o
 .debug_str     0x0000017d      0x16d build/default/production/uart2.o
 .debug_str     0x000002ea        0x0 build/default/production/uart2to1.o
 .debug_str     0x000002ea      0x12f build/default/production/usb_config.o
 .debug_str     0x00000419      0x3d1 build/default/production/usb_host.o
 .debug_str     0x000007ea      0x2ff build/default/production/usb_host_hid.o
 .debug_str     0x00000ae9      0x25a build/default/production/usb_host_hid_device.o
 .debug_str     0x00000d43      0x207 build/default/production/usb_host_hid_parser.o
 .debug_str     0x00000f4a      0x177 build/default/production/timer.o
 .debug_str     0x000010c1      0x1a8 build/default/production/display.o
 .debug_str     0x00001269        0x0 build/default/production/character.o
 .debug_str     0x00001269        0x0 build/default/production/graphic.o
 .debug_str     0x00001269       0x21 build/default/production/ttbasic.o
 .debug_str     0x0000128a      0x14d build/default/production/sound.o
 .debug_str     0x000013d7        0x0 /opt/microchip/xc32/v1.31/bin/../lib/gcc/pic32mx/4.5.2/../../../../pic32mx/lib/libmchp_peripheral_32MX695F512H.a(pcache.o)
 .debug_str     0x000013d7        0x0 /opt/microchip/xc32/v1.31/bin/../lib/gcc/pic32mx/4.5.2/../../../../pic32mx/lib/libmchp_peripheral_32MX695F512H.a(int_enable_interrupts_lib.o)
 .debug_str     0x000013d7        0x0 /opt/microchip/xc32/v1.31/bin/../lib/gcc/pic32mx/4.5.2/../../../../pic32mx/lib/libmchp_peripheral_32MX695F512H.a(int_disable_interrupts_lib.o)
 .debug_str     0x000013d7        0x0 /opt/microchip/xc32/v1.31/bin/../lib/gcc/pic32mx/4.5.2/../../../../pic32mx/lib/libmchp_peripheral_32MX695F512H.a(int_restore_interrupts_lib.o)
 .debug_str     0x000013d7        0x0 /opt/microchip/xc32/v1.31/bin/../lib/gcc/pic32mx/4.5.2/../../../../pic32mx/lib/libmchp_peripheral_32MX695F512H.a(int_enable_mv_int_lib.o)
 .debug_str     0x000013d7        0x0 /opt/microchip/xc32/v1.31/bin/../lib/gcc/pic32mx/4.5.2/../../../../pic32mx/lib/libpic32.a(default-bootstrap-exception-handler.o)
 .debug_str     0x000013d7        0x0 /opt/microchip/xc32/v1.31/bin/../lib/gcc/pic32mx/4.5.2/../../../../pic32mx/lib/libpic32.a(default-on-reset.o)
 .debug_str     0x000013d7        0x0 /opt/microchip/xc32/v1.31/bin/../lib/gcc/pic32mx/4.5.2/../../../../pic32mx/lib/libpic32.a(default-on-bootstrap.o)
 .debug_str     0x000013d7        0x0 /opt/microchip/xc32/v1.31/bin/../lib/gcc/pic32mx/4.5.2/../../../../pic32mx/lib/libpic32.a(default-general-exception-handler.o)
 .debug_str     0x000013d7        0x0 /opt/microchip/xc32/v1.31/bin/../lib/gcc/pic32mx/4.5.2/../../../../pic32mx/lib/libc.a(malloc.o)
 .debug_str     0x000013d7        0x0 /opt/microchip/xc32/v1.31/bin/../lib/gcc/pic32mx/4.5.2/../../../../pic32mx/lib/libc.a(rand.o)
 .debug_str     0x000013d7        0x0 /opt/microchip/xc32/v1.31/bin/../lib/gcc/pic32mx/4.5.2/../../../../pic32mx/lib/libc.a(sprintf_cdnopuxX.eo)
 .debug_str     0x000013d7        0x0 /opt/microchip/xc32/v1.31/bin/../lib/gcc/pic32mx/4.5.2/../../../../pic32mx/lib/libc.a(doprnt_cdnopuxX.eo)
 .debug_str     0x000013d7        0x0 /opt/microchip/xc32/v1.31/bin/../lib/gcc/pic32mx/4.5.2/../../../../pic32mx/lib/libc.a(_fputc_simple.o)
 .debug_str     0x000013d7        0x0 /opt/microchip/xc32/v1.31/bin/../lib/gcc/pic32mx/4.5.2/../../../../pic32mx/lib/libc.a(ctype.o)
 .debug_str     0x000013d7        0x0 /opt/microchip/xc32/v1.31/bin/../lib/gcc/pic32mx/4.5.2/../../../../pic32mx/lib/libc.a(_iob.o)
 .debug_str     0x000013d7        0x0 /opt/microchip/xc32/v1.31/bin/../lib/gcc/pic32mx/4.5.2/../../../../pic32mx/lib/libc.a(_flsbuf_simple.o)
 .debug_str     0x000013d7        0x0 /opt/microchip/xc32/v1.31/bin/../lib/gcc/pic32mx/4.5.2/../../../../pic32mx/lib/libpic32.a(sbrk.o)
 .debug_str     0x000013d7        0x0 /opt/microchip/xc32/v1.31/bin/../lib/gcc/pic32mx/4.5.2/../../../../pic32mx/lib/libpic32.a(write.o)
 .debug_str     0x000013d7        0x0 /opt/microchip/xc32/v1.31/bin/../lib/gcc/pic32mx/4.5.2/../../../../pic32mx/lib/libpic32.a(errno.o)
 .debug_str     0x000013d7        0x0 /opt/microchip/xc32/v1.31/bin/../lib/gcc/pic32mx/4.5.2/../../../../pic32mx/lib/libpic32.a(_mon_putc.o)
 .debug_str     0x000013d7        0x0 /opt/microchip/xc32/v1.31/bin/../lib/gcc/pic32mx/4.5.2/../../../../pic32mx/lib/libpic32.a(xc32_uart.o)
 .debug_str     0x000013d7        0x0 /opt/microchip/xc32/v1.31/bin/../lib/gcc/pic32mx/4.5.2/libgcc.a(_udivdi3.o)
 .debug_str     0x000013d7        0x0 /opt/microchip/xc32/v1.31/bin/../lib/gcc/pic32mx/4.5.2/libgcc.a(_umoddi3.o)

.debug_loc      0x00000000     0x130f
 *(.debug_loc)
 .debug_loc     0x00000000      0x9f9 /opt/microchip/xc32/v1.31/bin/../lib/gcc/pic32mx/4.5.2/libgcc.a(_udivdi3.o)
 .debug_loc     0x000009f9      0x916 /opt/microchip/xc32/v1.31/bin/../lib/gcc/pic32mx/4.5.2/libgcc.a(_umoddi3.o)

.debug_macinfo
 *(.debug_macinfo)

.debug_weaknames
 *(.debug_weaknames)

.debug_funcnames
 *(.debug_funcnames)

.debug_typenames
 *(.debug_typenames)

.debug_varnames
 *(.debug_varnames)

.debug_pubtypes
                0x00000000     0x18da
 *(.debug_pubtypes)
 .debug_pubtypes
                0x00000000      0x156 build/default/production/main.o
 .debug_pubtypes
                0x00000156      0x11d build/default/production/uart2.o
 .debug_pubtypes
                0x00000273      0x19f build/default/production/usb_config.o
 .debug_pubtypes
                0x00000412      0x5bc build/default/production/usb_host.o
 .debug_pubtypes
                0x000009ce      0x44c build/default/production/usb_host_hid.o
 .debug_pubtypes
                0x00000e1a      0x395 build/default/production/usb_host_hid_device.o
 .debug_pubtypes
                0x000011af      0x2d1 build/default/production/usb_host_hid_parser.o
 .debug_pubtypes
                0x00001480      0x102 build/default/production/timer.o
 .debug_pubtypes
                0x00001582      0x178 build/default/production/display.o
 .debug_pubtypes
                0x000016fa       0x12 build/default/production/character.o
 .debug_pubtypes
                0x0000170c       0x12 build/default/production/ttbasic.o
 .debug_pubtypes
                0x0000171e      0x10a build/default/production/sound.o
 .debug_pubtypes
                0x00001828       0x59 /opt/microchip/xc32/v1.31/bin/../lib/gcc/pic32mx/4.5.2/libgcc.a(_udivdi3.o)
 .debug_pubtypes
                0x00001881       0x59 /opt/microchip/xc32/v1.31/bin/../lib/gcc/pic32mx/4.5.2/libgcc.a(_umoddi3.o)

.debug_ranges   0x00000000       0x58
 *(.debug_ranges)
 .debug_ranges  0x00000000       0x18 /opt/microchip/xc32/v1.31/bin/../lib/gcc/pic32mx/4.5.2/../../../../pic32mx/lib/libmchp_peripheral_32MX695F512H.a(pcache.o)
 .debug_ranges  0x00000018       0x10 /opt/microchip/xc32/v1.31/bin/../lib/gcc/pic32mx/4.5.2/../../../../pic32mx/lib/libmchp_peripheral_32MX695F512H.a(int_enable_interrupts_lib.o)
 .debug_ranges  0x00000028       0x10 /opt/microchip/xc32/v1.31/bin/../lib/gcc/pic32mx/4.5.2/../../../../pic32mx/lib/libmchp_peripheral_32MX695F512H.a(int_disable_interrupts_lib.o)
 .debug_ranges  0x00000038       0x10 /opt/microchip/xc32/v1.31/bin/../lib/gcc/pic32mx/4.5.2/../../../../pic32mx/lib/libmchp_peripheral_32MX695F512H.a(int_restore_interrupts_lib.o)
 .debug_ranges  0x00000048       0x10 /opt/microchip/xc32/v1.31/bin/../lib/gcc/pic32mx/4.5.2/../../../../pic32mx/lib/libmchp_peripheral_32MX695F512H.a(int_enable_mv_int_lib.o)

.gnu.attributes
                0x00000000       0x10
 *(.gnu.attributes)
 .gnu.attributes
                0x00000000       0x10 build/default/production/main.o
 .gnu.attributes
                0x00000010       0x10 build/default/production/uart2.o
 .gnu.attributes
                0x00000020       0x10 build/default/production/uart2to1.o
 .gnu.attributes
                0x00000030       0x10 build/default/production/usb_config.o
 .gnu.attributes
                0x00000040       0x10 build/default/production/usb_host.o
 .gnu.attributes
                0x00000050       0x10 build/default/production/usb_host_hid.o
 .gnu.attributes
                0x00000060       0x10 build/default/production/usb_host_hid_device.o
 .gnu.attributes
                0x00000070       0x10 build/default/production/usb_host_hid_parser.o
 .gnu.attributes
                0x00000080       0x10 build/default/production/timer.o
 .gnu.attributes
                0x00000090       0x10 build/default/production/display.o
 .gnu.attributes
                0x000000a0       0x10 build/default/production/character.o
 .gnu.attributes
                0x000000b0       0x10 build/default/production/graphic.o
 .gnu.attributes
                0x000000c0       0x10 build/default/production/ttbasic.o
 .gnu.attributes
                0x000000d0       0x10 build/default/production/sound.o
 .gnu.attributes
                0x000000e0       0x10 /opt/microchip/xc32/v1.31/bin/../lib/gcc/pic32mx/4.5.2/../../../../pic32mx/lib/libmchp_peripheral_32MX695F512H.a(pcache.o)
 .gnu.attributes
                0x000000f0       0x10 /opt/microchip/xc32/v1.31/bin/../lib/gcc/pic32mx/4.5.2/../../../../pic32mx/lib/libmchp_peripheral_32MX695F512H.a(int_enable_interrupts_lib.o)
 .gnu.attributes
                0x00000100       0x10 /opt/microchip/xc32/v1.31/bin/../lib/gcc/pic32mx/4.5.2/../../../../pic32mx/lib/libmchp_peripheral_32MX695F512H.a(int_disable_interrupts_lib.o)
 .gnu.attributes
                0x00000110       0x10 /opt/microchip/xc32/v1.31/bin/../lib/gcc/pic32mx/4.5.2/../../../../pic32mx/lib/libmchp_peripheral_32MX695F512H.a(int_restore_interrupts_lib.o)
 .gnu.attributes
                0x00000120       0x10 /opt/microchip/xc32/v1.31/bin/../lib/gcc/pic32mx/4.5.2/../../../../pic32mx/lib/libmchp_peripheral_32MX695F512H.a(int_enable_mv_int_lib.o)
 .gnu.attributes
                0x00000130       0x10 /opt/microchip/xc32/v1.31/bin/../lib/gcc/pic32mx/4.5.2/../../../../pic32mx/lib/libpic32.a(default-bootstrap-exception-handler.o)
 .gnu.attributes
                0x00000140       0x10 /opt/microchip/xc32/v1.31/bin/../lib/gcc/pic32mx/4.5.2/../../../../pic32mx/lib/libpic32.a(default-on-reset.o)
 .gnu.attributes
                0x00000150       0x10 /opt/microchip/xc32/v1.31/bin/../lib/gcc/pic32mx/4.5.2/../../../../pic32mx/lib/libpic32.a(default-on-bootstrap.o)
 .gnu.attributes
                0x00000160       0x10 /opt/microchip/xc32/v1.31/bin/../lib/gcc/pic32mx/4.5.2/../../../../pic32mx/lib/libpic32.a(default-general-exception-handler.o)
 .gnu.attributes
                0x00000170       0x10 /opt/microchip/xc32/v1.31/bin/../lib/gcc/pic32mx/4.5.2/../../../../pic32mx/lib/libc.a(malloc.o)
 .gnu.attributes
                0x00000180       0x10 /opt/microchip/xc32/v1.31/bin/../lib/gcc/pic32mx/4.5.2/../../../../pic32mx/lib/libc.a(rand.o)
 .gnu.attributes
                0x00000190       0x10 /opt/microchip/xc32/v1.31/bin/../lib/gcc/pic32mx/4.5.2/../../../../pic32mx/lib/libc.a(sprintf_cdnopuxX.eo)
 .gnu.attributes
                0x000001a0       0x10 /opt/microchip/xc32/v1.31/bin/../lib/gcc/pic32mx/4.5.2/../../../../pic32mx/lib/libc.a(doprnt_cdnopuxX.eo)
 .gnu.attributes
                0x000001b0       0x10 /opt/microchip/xc32/v1.31/bin/../lib/gcc/pic32mx/4.5.2/../../../../pic32mx/lib/libc.a(_fputc_simple.o)
 .gnu.attributes
                0x000001c0       0x10 /opt/microchip/xc32/v1.31/bin/../lib/gcc/pic32mx/4.5.2/../../../../pic32mx/lib/libc.a(ctype.o)
 .gnu.attributes
                0x000001d0       0x10 /opt/microchip/xc32/v1.31/bin/../lib/gcc/pic32mx/4.5.2/../../../../pic32mx/lib/libc.a(_iob.o)
 .gnu.attributes
                0x000001e0       0x10 /opt/microchip/xc32/v1.31/bin/../lib/gcc/pic32mx/4.5.2/../../../../pic32mx/lib/libc.a(_flsbuf_simple.o)
 .gnu.attributes
                0x000001f0       0x10 /opt/microchip/xc32/v1.31/bin/../lib/gcc/pic32mx/4.5.2/../../../../pic32mx/lib/libpic32.a(sbrk.o)
 .gnu.attributes
                0x00000200       0x10 /opt/microchip/xc32/v1.31/bin/../lib/gcc/pic32mx/4.5.2/../../../../pic32mx/lib/libpic32.a(write.o)
 .gnu.attributes
                0x00000210       0x10 /opt/microchip/xc32/v1.31/bin/../lib/gcc/pic32mx/4.5.2/../../../../pic32mx/lib/libpic32.a(errno.o)
 .gnu.attributes
                0x00000220       0x10 /opt/microchip/xc32/v1.31/bin/../lib/gcc/pic32mx/4.5.2/../../../../pic32mx/lib/libpic32.a(_mon_putc.o)
 .gnu.attributes
                0x00000230       0x10 /opt/microchip/xc32/v1.31/bin/../lib/gcc/pic32mx/4.5.2/../../../../pic32mx/lib/libpic32.a(xc32_uart.o)
 .gnu.attributes
                0x00000240       0x10 /opt/microchip/xc32/v1.31/bin/../lib/gcc/pic32mx/4.5.2/libgcc.a(_udivdi3.o)
 .gnu.attributes
                0x00000250       0x10 /opt/microchip/xc32/v1.31/bin/../lib/gcc/pic32mx/4.5.2/libgcc.a(_umoddi3.o)
                0x00002800                _min_heap_size = 0x2800
LOAD /opt/microchip/xc32/v1.31/bin/../lib/gcc/pic32mx/4.5.2/libgcc.a
START GROUP
LOAD /opt/microchip/xc32/v1.31/bin/../lib/gcc/pic32mx/4.5.2/../../../../pic32mx/lib/libpic32.a
LOAD /opt/microchip/xc32/v1.31/bin/../lib/gcc/pic32mx/4.5.2/../../../../pic32mx/lib/libdebug.a
LOAD /opt/microchip/xc32/v1.31/bin/../lib/gcc/pic32mx/4.5.2/../../../../pic32mx/lib/libm.a
LOAD /opt/microchip/xc32/v1.31/bin/../lib/gcc/pic32mx/4.5.2/../../../../pic32mx/lib/libe.a
LOAD /opt/microchip/xc32/v1.31/bin/../lib/gcc/pic32mx/4.5.2/../../../../pic32mx/lib/libdsp.a
LOAD /opt/microchip/xc32/v1.31/bin/../lib/gcc/pic32mx/4.5.2/libgcc.a
LOAD /opt/microchip/xc32/v1.31/bin/../lib/gcc/pic32mx/4.5.2/../../../../pic32mx/lib/libpic32.a
LOAD /opt/microchip/xc32/v1.31/bin/../lib/gcc/pic32mx/4.5.2/../../../../pic32mx/lib/libc.a
LOAD /opt/microchip/xc32/v1.31/bin/../lib/gcc/pic32mx/4.5.2/../../../../pic32mx/lib/libpic32.a
END GROUP
LOAD /opt/microchip/xc32/v1.31/bin/../lib/gcc/pic32mx/4.5.2/libgcc.a
LOAD /opt/microchip/xc32/v1.31/bin/../lib/gcc/pic32mx/4.5.2/../../../../pic32mx/lib/debug-exception-return.o
OUTPUT(dist/default/production/MXBasic.X.production.elf elf32-tradlittlemips)
LOAD stack
LOAD data_init

.stack          0xa00092d0      0x400
 .stack         0xa00092d0      0x400 stack

.bss            0xa0005b90      0x624
 .bss           0xa0005b90      0x624 build/default/production/usb_host_hid_device.o

.bss            0xa0006200      0x5e0
 .bss           0xa0006200      0x400 build/default/production/usb_host.o
 .bss           0xa0006600      0x1e0 build/default/production/usb_host_hid.o

.data           0xa00067e0      0x184
 .data          0xa00067e0       0xe4 build/default/production/ttbasic.o
                0xa00067e0                kwtbl
                0xa0006868                errmsg
 .data          0xa00068c4       0xa0 /opt/microchip/xc32/v1.31/bin/../lib/gcc/pic32mx/4.5.2/../../../../pic32mx/lib/libc.a(_iob.o)
                0xa00068c4                _iob

.bss            0xa0006964       0x88
 .bss           0xa0006964       0x88 build/default/production/usb_host_hid_parser.o
                0xa0006964                deviceRptInfo
                0xa00069cc                itemListPtrs

.bss            0xa00061b4       0x40
 .bss           0xa00061b4       0x40 /opt/microchip/xc32/v1.31/bin/../lib/gcc/pic32mx/4.5.2/../../../../pic32mx/lib/libc.a(_iob.o)
                0xa00061b4                _sibuf
                0xa00061d4                _sobuf

.data           0xa00069ec       0x70
 .data          0xa00069ec       0x3c build/default/production/usb_config.o
                0xa00069ec                usbClientDrvTable
                0xa0006a10                usbTPL
 .data          0xa0006a28       0x34 build/default/production/sound.o
                0xa0006a28                sounddata

.bss            0xa0006a5c       0x1c
 .bss           0xa0006a5c       0x1c /opt/microchip/xc32/v1.31/bin/../lib/gcc/pic32mx/4.5.2/../../../../pic32mx/lib/libpic32.a(sbrk.o)

.data           0xa0006a78       0x18
 .data          0xa0006a78       0x18 build/default/production/usb_host_hid_device.o

.bss            0xa0006a90       0x20
 .bss           0xa0006a90       0x10 /opt/microchip/xc32/v1.31/bin/../lib/gcc/pic32mx/4.5.2/../../../../pic32mx/lib/libc.a(malloc.o)
                0xa0006a90                __allocs
 .bss           0xa0006aa0       0x10 /opt/microchip/xc32/v1.31/bin/../lib/gcc/pic32mx/4.5.2/../../../../pic32mx/lib/libc.a(rand.o)

.bss%z1         0x00000000        0x0
 .bss           0x00000000        0x0 /opt/microchip/xc32/v1.31/bin/../lib/gcc/pic32mx/4.5.2/../../../../pic32mx/lib/debug-exception-return.o

.data%z2        0x00000000        0x0
 .data          0x00000000        0x0 /opt/microchip/xc32/v1.31/bin/../lib/gcc/pic32mx/4.5.2/../../../../pic32mx/lib/debug-exception-return.o

.mdebug.abi32%z3
                0x00000000        0x0
 .mdebug.abi32  0x00000000        0x0 /opt/microchip/xc32/v1.31/bin/../lib/gcc/pic32mx/4.5.2/libgcc.a(_umoddi3.o)

.bss%z4         0x00000000        0x0
 .bss           0x00000000        0x0 /opt/microchip/xc32/v1.31/bin/../lib/gcc/pic32mx/4.5.2/libgcc.a(_umoddi3.o)

.data%z5        0x00000000        0x0
 .data          0x00000000        0x0 /opt/microchip/xc32/v1.31/bin/../lib/gcc/pic32mx/4.5.2/libgcc.a(_umoddi3.o)

.mdebug.abi32%z6
                0x00000000        0x0
 .mdebug.abi32  0x00000000        0x0 /opt/microchip/xc32/v1.31/bin/../lib/gcc/pic32mx/4.5.2/libgcc.a(_udivdi3.o)

.bss%z7         0x00000000        0x0
 .bss           0x00000000        0x0 /opt/microchip/xc32/v1.31/bin/../lib/gcc/pic32mx/4.5.2/libgcc.a(_udivdi3.o)

.data%z8        0x00000000        0x0
 .data          0x00000000        0x0 /opt/microchip/xc32/v1.31/bin/../lib/gcc/pic32mx/4.5.2/libgcc.a(_udivdi3.o)

.mdebug.abi32%z9
                0x00000000        0x0
 .mdebug.abi32  0x00000000        0x0 /opt/microchip/xc32/v1.31/bin/../lib/gcc/pic32mx/4.5.2/../../../../pic32mx/lib/libpic32.a(xc32_uart.o)

.bss%z10        0x00000000        0x0
 .bss           0x00000000        0x0 /opt/microchip/xc32/v1.31/bin/../lib/gcc/pic32mx/4.5.2/../../../../pic32mx/lib/libpic32.a(xc32_uart.o)

.data%z11       0x00000000        0x0
 .data          0x00000000        0x0 /opt/microchip/xc32/v1.31/bin/../lib/gcc/pic32mx/4.5.2/../../../../pic32mx/lib/libpic32.a(xc32_uart.o)

.mdebug.abi32%z12
                0x00000000        0x0
 .mdebug.abi32  0x00000000        0x0 /opt/microchip/xc32/v1.31/bin/../lib/gcc/pic32mx/4.5.2/../../../../pic32mx/lib/libpic32.a(_mon_putc.o)

.bss%z13        0x00000000        0x0
 .bss           0x00000000        0x0 /opt/microchip/xc32/v1.31/bin/../lib/gcc/pic32mx/4.5.2/../../../../pic32mx/lib/libpic32.a(_mon_putc.o)

.data%z14       0x00000000        0x0
 .data          0x00000000        0x0 /opt/microchip/xc32/v1.31/bin/../lib/gcc/pic32mx/4.5.2/../../../../pic32mx/lib/libpic32.a(_mon_putc.o)

.mdebug.abi32%z15
                0x00000000        0x0
 .mdebug.abi32  0x00000000        0x0 /opt/microchip/xc32/v1.31/bin/../lib/gcc/pic32mx/4.5.2/../../../../pic32mx/lib/libpic32.a(errno.o)

.bss%z16        0x00000000        0x0
 .bss           0x00000000        0x0 /opt/microchip/xc32/v1.31/bin/../lib/gcc/pic32mx/4.5.2/../../../../pic32mx/lib/libpic32.a(errno.o)

.data%z17       0x00000000        0x0
 .data          0x00000000        0x0 /opt/microchip/xc32/v1.31/bin/../lib/gcc/pic32mx/4.5.2/../../../../pic32mx/lib/libpic32.a(errno.o)

.mdebug.abi32%z18
                0x00000000        0x0
 .mdebug.abi32  0x00000000        0x0 /opt/microchip/xc32/v1.31/bin/../lib/gcc/pic32mx/4.5.2/../../../../pic32mx/lib/libpic32.a(write.o)

.bss%z19        0x00000000        0x0
 .bss           0x00000000        0x0 /opt/microchip/xc32/v1.31/bin/../lib/gcc/pic32mx/4.5.2/../../../../pic32mx/lib/libpic32.a(write.o)

.data%z20       0x00000000        0x0
 .data          0x00000000        0x0 /opt/microchip/xc32/v1.31/bin/../lib/gcc/pic32mx/4.5.2/../../../../pic32mx/lib/libpic32.a(write.o)

.mdebug.abi32%z21
                0x00000000        0x0
 .mdebug.abi32  0x00000000        0x0 /opt/microchip/xc32/v1.31/bin/../lib/gcc/pic32mx/4.5.2/../../../../pic32mx/lib/libpic32.a(sbrk.o)

.data%z22       0x00000000        0x0
 .data          0x00000000        0x0 /opt/microchip/xc32/v1.31/bin/../lib/gcc/pic32mx/4.5.2/../../../../pic32mx/lib/libpic32.a(sbrk.o)

.mdebug.abi32%z23
                0x00000000        0x0
 .mdebug.abi32  0x00000000        0x0 /opt/microchip/xc32/v1.31/bin/../lib/gcc/pic32mx/4.5.2/../../../../pic32mx/lib/libc.a(_flsbuf_simple.o)

.bss%z24        0x00000000        0x0
 .bss           0x00000000        0x0 /opt/microchip/xc32/v1.31/bin/../lib/gcc/pic32mx/4.5.2/../../../../pic32mx/lib/libc.a(_flsbuf_simple.o)

.data%z25       0x00000000        0x0
 .data          0x00000000        0x0 /opt/microchip/xc32/v1.31/bin/../lib/gcc/pic32mx/4.5.2/../../../../pic32mx/lib/libc.a(_flsbuf_simple.o)

.mdebug.abi32%z26
                0x00000000        0x0
 .mdebug.abi32  0x00000000        0x0 /opt/microchip/xc32/v1.31/bin/../lib/gcc/pic32mx/4.5.2/../../../../pic32mx/lib/libc.a(_iob.o)

.mdebug.abi32%z27
                0x00000000        0x0
 .mdebug.abi32  0x00000000        0x0 /opt/microchip/xc32/v1.31/bin/../lib/gcc/pic32mx/4.5.2/../../../../pic32mx/lib/libc.a(ctype.o)

.bss%z28        0x00000000        0x0
 .bss           0x00000000        0x0 /opt/microchip/xc32/v1.31/bin/../lib/gcc/pic32mx/4.5.2/../../../../pic32mx/lib/libc.a(ctype.o)

.data%z29       0x00000000        0x0
 .data          0x00000000        0x0 /opt/microchip/xc32/v1.31/bin/../lib/gcc/pic32mx/4.5.2/../../../../pic32mx/lib/libc.a(ctype.o)

.mdebug.abi32%z30
                0x00000000        0x0
 .mdebug.abi32  0x00000000        0x0 /opt/microchip/xc32/v1.31/bin/../lib/gcc/pic32mx/4.5.2/../../../../pic32mx/lib/libc.a(_fputc_simple.o)

.bss%z31        0x00000000        0x0
 .bss           0x00000000        0x0 /opt/microchip/xc32/v1.31/bin/../lib/gcc/pic32mx/4.5.2/../../../../pic32mx/lib/libc.a(_fputc_simple.o)

.data%z32       0x00000000        0x0
 .data          0x00000000        0x0 /opt/microchip/xc32/v1.31/bin/../lib/gcc/pic32mx/4.5.2/../../../../pic32mx/lib/libc.a(_fputc_simple.o)

.mdebug.abi32%z33
                0x00000000        0x0
 .mdebug.abi32  0x00000000        0x0 /opt/microchip/xc32/v1.31/bin/../lib/gcc/pic32mx/4.5.2/../../../../pic32mx/lib/libc.a(doprnt_cdnopuxX.eo)

.bss%z34        0x00000000        0x0
 .bss           0x00000000        0x0 /opt/microchip/xc32/v1.31/bin/../lib/gcc/pic32mx/4.5.2/../../../../pic32mx/lib/libc.a(doprnt_cdnopuxX.eo)

.data%z35       0x00000000        0x0
 .data          0x00000000        0x0 /opt/microchip/xc32/v1.31/bin/../lib/gcc/pic32mx/4.5.2/../../../../pic32mx/lib/libc.a(doprnt_cdnopuxX.eo)

.mdebug.abi32%z36
                0x00000000        0x0
 .mdebug.abi32  0x00000000        0x0 /opt/microchip/xc32/v1.31/bin/../lib/gcc/pic32mx/4.5.2/../../../../pic32mx/lib/libc.a(sprintf_cdnopuxX.eo)

.bss%z37        0x00000000        0x0
 .bss           0x00000000        0x0 /opt/microchip/xc32/v1.31/bin/../lib/gcc/pic32mx/4.5.2/../../../../pic32mx/lib/libc.a(sprintf_cdnopuxX.eo)

.data%z38       0x00000000        0x0
 .data          0x00000000        0x0 /opt/microchip/xc32/v1.31/bin/../lib/gcc/pic32mx/4.5.2/../../../../pic32mx/lib/libc.a(sprintf_cdnopuxX.eo)

.mdebug.abi32%z39
                0x00000000        0x0
 .mdebug.abi32  0x00000000        0x0 /opt/microchip/xc32/v1.31/bin/../lib/gcc/pic32mx/4.5.2/../../../../pic32mx/lib/libc.a(rand.o)

.data%z40       0x00000000        0x0
 .data          0x00000000        0x0 /opt/microchip/xc32/v1.31/bin/../lib/gcc/pic32mx/4.5.2/../../../../pic32mx/lib/libc.a(rand.o)

.mdebug.abi32%z41
                0x00000000        0x0
 .mdebug.abi32  0x00000000        0x0 /opt/microchip/xc32/v1.31/bin/../lib/gcc/pic32mx/4.5.2/../../../../pic32mx/lib/libc.a(malloc.o)

.data%z42       0x00000000        0x0
 .data          0x00000000        0x0 /opt/microchip/xc32/v1.31/bin/../lib/gcc/pic32mx/4.5.2/../../../../pic32mx/lib/libc.a(malloc.o)

.mdebug.abi32%z43
                0x00000000        0x0
 .mdebug.abi32  0x00000000        0x0 /opt/microchip/xc32/v1.31/bin/../lib/gcc/pic32mx/4.5.2/../../../../pic32mx/lib/libpic32.a(default-general-exception-handler.o)

.bss%z44        0x00000000        0x0
 .bss           0x00000000        0x0 /opt/microchip/xc32/v1.31/bin/../lib/gcc/pic32mx/4.5.2/../../../../pic32mx/lib/libpic32.a(default-general-exception-handler.o)

.data%z45       0x00000000        0x0
 .data          0x00000000        0x0 /opt/microchip/xc32/v1.31/bin/../lib/gcc/pic32mx/4.5.2/../../../../pic32mx/lib/libpic32.a(default-general-exception-handler.o)

.bss%z46        0x00000000        0x0
 .bss           0x00000000        0x0 /opt/microchip/xc32/v1.31/bin/../lib/gcc/pic32mx/4.5.2/../../../../pic32mx/lib/libpic32.a(general-exception.o)

.data%z47       0x00000000        0x0
 .data          0x00000000        0x0 /opt/microchip/xc32/v1.31/bin/../lib/gcc/pic32mx/4.5.2/../../../../pic32mx/lib/libpic32.a(general-exception.o)

.bss%z48        0x00000000        0x0
 .bss           0x00000000        0x0 /opt/microchip/xc32/v1.31/bin/../lib/gcc/pic32mx/4.5.2/../../../../pic32mx/lib/libpic32.a(pic32_software_reset.o)

.data%z49       0x00000000        0x0
 .data          0x00000000        0x0 /opt/microchip/xc32/v1.31/bin/../lib/gcc/pic32mx/4.5.2/../../../../pic32mx/lib/libpic32.a(pic32_software_reset.o)

.bss%z50        0x00000000        0x0
 .bss           0x00000000        0x0 /opt/microchip/xc32/v1.31/bin/../lib/gcc/pic32mx/4.5.2/../../../../pic32mx/lib/libpic32.a(default-nmi-handler.o)

.data%z51       0x00000000        0x0
 .data          0x00000000        0x0 /opt/microchip/xc32/v1.31/bin/../lib/gcc/pic32mx/4.5.2/../../../../pic32mx/lib/libpic32.a(default-nmi-handler.o)

.mdebug.abi32%z52
                0x00000000        0x0
 .mdebug.abi32  0x00000000        0x0 /opt/microchip/xc32/v1.31/bin/../lib/gcc/pic32mx/4.5.2/../../../../pic32mx/lib/libpic32.a(default-on-bootstrap.o)

.bss%z53        0x00000000        0x0
 .bss           0x00000000        0x0 /opt/microchip/xc32/v1.31/bin/../lib/gcc/pic32mx/4.5.2/../../../../pic32mx/lib/libpic32.a(default-on-bootstrap.o)

.data%z54       0x00000000        0x0
 .data          0x00000000        0x0 /opt/microchip/xc32/v1.31/bin/../lib/gcc/pic32mx/4.5.2/../../../../pic32mx/lib/libpic32.a(default-on-bootstrap.o)

.mdebug.abi32%z55
                0x00000000        0x0
 .mdebug.abi32  0x00000000        0x0 /opt/microchip/xc32/v1.31/bin/../lib/gcc/pic32mx/4.5.2/../../../../pic32mx/lib/libpic32.a(default-on-reset.o)

.bss%z56        0x00000000        0x0
 .bss           0x00000000        0x0 /opt/microchip/xc32/v1.31/bin/../lib/gcc/pic32mx/4.5.2/../../../../pic32mx/lib/libpic32.a(default-on-reset.o)

.data%z57       0x00000000        0x0
 .data          0x00000000        0x0 /opt/microchip/xc32/v1.31/bin/../lib/gcc/pic32mx/4.5.2/../../../../pic32mx/lib/libpic32.a(default-on-reset.o)

.mdebug.abi32%z58
                0x00000000        0x0
 .mdebug.abi32  0x00000000        0x0 /opt/microchip/xc32/v1.31/bin/../lib/gcc/pic32mx/4.5.2/../../../../pic32mx/lib/libpic32.a(default-bootstrap-exception-handler.o)

.bss%z59        0x00000000        0x0
 .bss           0x00000000        0x0 /opt/microchip/xc32/v1.31/bin/../lib/gcc/pic32mx/4.5.2/../../../../pic32mx/lib/libpic32.a(default-bootstrap-exception-handler.o)

.data%z60       0x00000000        0x0
 .data          0x00000000        0x0 /opt/microchip/xc32/v1.31/bin/../lib/gcc/pic32mx/4.5.2/../../../../pic32mx/lib/libpic32.a(default-bootstrap-exception-handler.o)

.bss%z61        0x00000000        0x0
 .bss           0x00000000        0x0 /opt/microchip/xc32/v1.31/bin/../lib/gcc/pic32mx/4.5.2/../../../../pic32mx/lib/libpic32.a(memset.o)

.data%z62       0x00000000        0x0
 .data          0x00000000        0x0 /opt/microchip/xc32/v1.31/bin/../lib/gcc/pic32mx/4.5.2/../../../../pic32mx/lib/libpic32.a(memset.o)

.bss%z63        0x00000000        0x0
 .bss           0x00000000        0x0 /opt/microchip/xc32/v1.31/bin/../lib/gcc/pic32mx/4.5.2/../../../../pic32mx/lib/libpic32.a(memcpy.o)

.data%z64       0x00000000        0x0
 .data          0x00000000        0x0 /opt/microchip/xc32/v1.31/bin/../lib/gcc/pic32mx/4.5.2/../../../../pic32mx/lib/libpic32.a(memcpy.o)

.mdebug.abi32%z65
                0x00000000        0x0
 .mdebug.abi32  0x00000000        0x0 /opt/microchip/xc32/v1.31/bin/../lib/gcc/pic32mx/4.5.2/../../../../pic32mx/lib/libmchp_peripheral_32MX695F512H.a(int_enable_mv_int_lib.o)

.bss%z66        0x00000000        0x0
 .bss           0x00000000        0x0 /opt/microchip/xc32/v1.31/bin/../lib/gcc/pic32mx/4.5.2/../../../../pic32mx/lib/libmchp_peripheral_32MX695F512H.a(int_enable_mv_int_lib.o)

.data%z67       0x00000000        0x0
 .data          0x00000000        0x0 /opt/microchip/xc32/v1.31/bin/../lib/gcc/pic32mx/4.5.2/../../../../pic32mx/lib/libmchp_peripheral_32MX695F512H.a(int_enable_mv_int_lib.o)

.mdebug.abi32%z68
                0x00000000        0x0
 .mdebug.abi32  0x00000000        0x0 /opt/microchip/xc32/v1.31/bin/../lib/gcc/pic32mx/4.5.2/../../../../pic32mx/lib/libmchp_peripheral_32MX695F512H.a(int_restore_interrupts_lib.o)

.bss%z69        0x00000000        0x0
 .bss           0x00000000        0x0 /opt/microchip/xc32/v1.31/bin/../lib/gcc/pic32mx/4.5.2/../../../../pic32mx/lib/libmchp_peripheral_32MX695F512H.a(int_restore_interrupts_lib.o)

.data%z70       0x00000000        0x0
 .data          0x00000000        0x0 /opt/microchip/xc32/v1.31/bin/../lib/gcc/pic32mx/4.5.2/../../../../pic32mx/lib/libmchp_peripheral_32MX695F512H.a(int_restore_interrupts_lib.o)

.mdebug.abi32%z71
                0x00000000        0x0
 .mdebug.abi32  0x00000000        0x0 /opt/microchip/xc32/v1.31/bin/../lib/gcc/pic32mx/4.5.2/../../../../pic32mx/lib/libmchp_peripheral_32MX695F512H.a(int_disable_interrupts_lib.o)

.bss%z72        0x00000000        0x0
 .bss           0x00000000        0x0 /opt/microchip/xc32/v1.31/bin/../lib/gcc/pic32mx/4.5.2/../../../../pic32mx/lib/libmchp_peripheral_32MX695F512H.a(int_disable_interrupts_lib.o)

.data%z73       0x00000000        0x0
 .data          0x00000000        0x0 /opt/microchip/xc32/v1.31/bin/../lib/gcc/pic32mx/4.5.2/../../../../pic32mx/lib/libmchp_peripheral_32MX695F512H.a(int_disable_interrupts_lib.o)

.mdebug.abi32%z74
                0x00000000        0x0
 .mdebug.abi32  0x00000000        0x0 /opt/microchip/xc32/v1.31/bin/../lib/gcc/pic32mx/4.5.2/../../../../pic32mx/lib/libmchp_peripheral_32MX695F512H.a(int_enable_interrupts_lib.o)

.bss%z75        0x00000000        0x0
 .bss           0x00000000        0x0 /opt/microchip/xc32/v1.31/bin/../lib/gcc/pic32mx/4.5.2/../../../../pic32mx/lib/libmchp_peripheral_32MX695F512H.a(int_enable_interrupts_lib.o)

.data%z76       0x00000000        0x0
 .data          0x00000000        0x0 /opt/microchip/xc32/v1.31/bin/../lib/gcc/pic32mx/4.5.2/../../../../pic32mx/lib/libmchp_peripheral_32MX695F512H.a(int_enable_interrupts_lib.o)

.mdebug.abi32%z77
                0x00000000        0x0
 .mdebug.abi32  0x00000000        0x0 /opt/microchip/xc32/v1.31/bin/../lib/gcc/pic32mx/4.5.2/../../../../pic32mx/lib/libmchp_peripheral_32MX695F512H.a(pcache.o)

.bss%z78        0x00000000        0x0
 .bss           0x00000000        0x0 /opt/microchip/xc32/v1.31/bin/../lib/gcc/pic32mx/4.5.2/../../../../pic32mx/lib/libmchp_peripheral_32MX695F512H.a(pcache.o)

.data%z79       0x00000000        0x0
 .data          0x00000000        0x0 /opt/microchip/xc32/v1.31/bin/../lib/gcc/pic32mx/4.5.2/../../../../pic32mx/lib/libmchp_peripheral_32MX695F512H.a(pcache.o)

.bss%z80        0x00000000        0x0
 .bss           0x00000000        0x0 /opt/microchip/xc32/v1.31/bin/../lib/gcc/pic32mx/4.5.2/../../../../pic32mx/lib/./proc/32MX695F512H/processor.o

.data%z81       0x00000000        0x0
 .data          0x00000000        0x0 /opt/microchip/xc32/v1.31/bin/../lib/gcc/pic32mx/4.5.2/../../../../pic32mx/lib/./proc/32MX695F512H/processor.o

.mdebug.abi32%z82
                0x00000000        0x0
 .mdebug.abi32  0x00000000        0x0 build/default/production/sound.o

.bss%z83        0x00000000        0x0
 .bss           0x00000000        0x0 build/default/production/sound.o

.mdebug.abi32%z84
                0x00000000        0x0
 .mdebug.abi32  0x00000000        0x0 build/default/production/ttbasic.o

.bss%z85        0x00000000        0x0
 .bss           0x00000000        0x0 build/default/production/ttbasic.o

.mdebug.abi32%z86
                0x00000000        0x0
 .mdebug.abi32  0x00000000        0x0 build/default/production/graphic.o

.bss%z87        0x00000000        0x0
 .bss           0x00000000        0x0 build/default/production/graphic.o

.data%z88       0x00000000        0x0
 .data          0x00000000        0x0 build/default/production/graphic.o

.mdebug.abi32%z89
                0x00000000        0x0
 .mdebug.abi32  0x00000000        0x0 build/default/production/character.o

.bss%z90        0x00000000        0x0
 .bss           0x00000000        0x0 build/default/production/character.o

.data%z91       0x00000000        0x0
 .data          0x00000000        0x0 build/default/production/character.o

.mdebug.abi32%z92
                0x00000000        0x0
 .mdebug.abi32  0x00000000        0x0 build/default/production/display.o

.bss%z93        0x00000000        0x0
 .bss           0x00000000        0x0 build/default/production/display.o

.data%z94       0x00000000        0x0
 .data          0x00000000        0x0 build/default/production/display.o

.mdebug.abi32%z95
                0x00000000        0x0
 .mdebug.abi32  0x00000000        0x0 build/default/production/timer.o

.bss%z96        0x00000000        0x0
 .bss           0x00000000        0x0 build/default/production/timer.o

.data%z97       0x00000000        0x0
 .data          0x00000000        0x0 build/default/production/timer.o

.mdebug.abi32%z98
                0x00000000        0x0
 .mdebug.abi32  0x00000000        0x0 build/default/production/usb_host_hid_parser.o

.data%z99       0x00000000        0x0
 .data          0x00000000        0x0 build/default/production/usb_host_hid_parser.o

.mdebug.abi32%z100
                0x00000000        0x0
 .mdebug.abi32  0x00000000        0x0 build/default/production/usb_host_hid_device.o

.mdebug.abi32%z101
                0x00000000        0x0
 .mdebug.abi32  0x00000000        0x0 build/default/production/usb_host_hid.o

.data%z102      0x00000000        0x0
 .data          0x00000000        0x0 build/default/production/usb_host_hid.o

.mdebug.abi32%z103
                0x00000000        0x0
 .mdebug.abi32  0x00000000        0x0 build/default/production/usb_host.o

.data%z104      0x00000000        0x0
 .data          0x00000000        0x0 build/default/production/usb_host.o

.mdebug.abi32%z105
                0x00000000        0x0
 .mdebug.abi32  0x00000000        0x0 build/default/production/usb_config.o

.bss%z106       0x00000000        0x0
 .bss           0x00000000        0x0 build/default/production/usb_config.o

.mdebug.abi32%z107
                0x00000000        0x0
 .mdebug.abi32  0x00000000        0x0 build/default/production/uart2to1.o

.bss%z108       0x00000000        0x0
 .bss           0x00000000        0x0 build/default/production/uart2to1.o

.data%z109      0x00000000        0x0
 .data          0x00000000        0x0 build/default/production/uart2to1.o

.mdebug.abi32%z110
                0x00000000        0x0
 .mdebug.abi32  0x00000000        0x0 build/default/production/uart2.o

.bss%z111       0x00000000        0x0
 .bss           0x00000000        0x0 build/default/production/uart2.o

.data%z112      0x00000000        0x0
 .data          0x00000000        0x0 build/default/production/uart2.o

.mdebug.abi32%z113
                0x00000000        0x0
 .mdebug.abi32  0x00000000        0x0 build/default/production/main.o

.bss%z114       0x00000000        0x0
 .bss           0x00000000        0x0 build/default/production/main.o
